../Core/Src/actionneurs/moteur.c:52:6:Motor_Init_System	8	static
../Core/Src/actionneurs/moteur.c:66:13:Set_Motor_PWM	24	static
../Core/Src/actionneurs/moteur.c:88:6:Motor_Left_Control	16	static
../Core/Src/actionneurs/moteur.c:89:6:Motor_Right_Control	16	static
../Core/Src/actionneurs/moteur.c:90:6:Motor_Stop_Both	8	static
../Core/Src/actionneurs/moteur.c:94:18:Encoder_Update_Debug	64	static
../Core/Src/actionneurs/moteur.c:134:13:Encoder_Calculate_Speed	56	static
../Core/Src/actionneurs/moteur.c:166:14:PID_Compute	48	static
../Core/Src/actionneurs/moteur.c:190:13:Motor_Move_PID	128	static
../Core/Src/actionneurs/moteur.c:281:6:Robot_Translation	24	static
../Core/Src/actionneurs/moteur.c:287:6:Robot_Rotation	24	static
