Archive member included to satisfy reference by file (symbol)

C:/ST/STM32CubeIDE_1.19.0/STM32CubeIDE/plugins/com.st.stm32cube.ide.mcu.externaltools.gnu-tools-for-stm32.13.3.rel1.win32_1.0.0.202411081344/tools/bin/../lib/gcc/arm-none-eabi/13.3.1/../../../../arm-none-eabi/lib/thumb/v7e-m+fp/hard\libc_nano.a(libc_a-exit.o)
                              C:/ST/STM32CubeIDE_1.19.0/STM32CubeIDE/plugins/com.st.stm32cube.ide.mcu.externaltools.gnu-tools-for-stm32.13.3.rel1.win32_1.0.0.202411081344/tools/bin/../lib/gcc/arm-none-eabi/13.3.1/../../../../arm-none-eabi/lib/thumb/v7e-m+fp/hard/crt0.o (exit)
C:/ST/STM32CubeIDE_1.19.0/STM32CubeIDE/plugins/com.st.stm32cube.ide.mcu.externaltools.gnu-tools-for-stm32.13.3.rel1.win32_1.0.0.202411081344/tools/bin/../lib/gcc/arm-none-eabi/13.3.1/../../../../arm-none-eabi/lib/thumb/v7e-m+fp/hard\libc_nano.a(libc_a-findfp.o)
                              C:/ST/STM32CubeIDE_1.19.0/STM32CubeIDE/plugins/com.st.stm32cube.ide.mcu.externaltools.gnu-tools-for-stm32.13.3.rel1.win32_1.0.0.202411081344/tools/bin/../lib/gcc/arm-none-eabi/13.3.1/../../../../arm-none-eabi/lib/thumb/v7e-m+fp/hard\libc_nano.a(libc_a-exit.o) (__stdio_exit_handler)
C:/ST/STM32CubeIDE_1.19.0/STM32CubeIDE/plugins/com.st.stm32cube.ide.mcu.externaltools.gnu-tools-for-stm32.13.3.rel1.win32_1.0.0.202411081344/tools/bin/../lib/gcc/arm-none-eabi/13.3.1/../../../../arm-none-eabi/lib/thumb/v7e-m+fp/hard\libc_nano.a(libc_a-fwalk.o)
                              C:/ST/STM32CubeIDE_1.19.0/STM32CubeIDE/plugins/com.st.stm32cube.ide.mcu.externaltools.gnu-tools-for-stm32.13.3.rel1.win32_1.0.0.202411081344/tools/bin/../lib/gcc/arm-none-eabi/13.3.1/../../../../arm-none-eabi/lib/thumb/v7e-m+fp/hard\libc_nano.a(libc_a-findfp.o) (_fwalk_sglue)
C:/ST/STM32CubeIDE_1.19.0/STM32CubeIDE/plugins/com.st.stm32cube.ide.mcu.externaltools.gnu-tools-for-stm32.13.3.rel1.win32_1.0.0.202411081344/tools/bin/../lib/gcc/arm-none-eabi/13.3.1/../../../../arm-none-eabi/lib/thumb/v7e-m+fp/hard\libc_nano.a(libc_a-printf.o)
                              ./Middlewares/ST/STM32_WPAN/utilities/dbg_trace.o (printf)
C:/ST/STM32CubeIDE_1.19.0/STM32CubeIDE/plugins/com.st.stm32cube.ide.mcu.externaltools.gnu-tools-for-stm32.13.3.rel1.win32_1.0.0.202411081344/tools/bin/../lib/gcc/arm-none-eabi/13.3.1/../../../../arm-none-eabi/lib/thumb/v7e-m+fp/hard\libc_nano.a(libc_a-stdio.o)
                              C:/ST/STM32CubeIDE_1.19.0/STM32CubeIDE/plugins/com.st.stm32cube.ide.mcu.externaltools.gnu-tools-for-stm32.13.3.rel1.win32_1.0.0.202411081344/tools/bin/../lib/gcc/arm-none-eabi/13.3.1/../../../../arm-none-eabi/lib/thumb/v7e-m+fp/hard\libc_nano.a(libc_a-findfp.o) (__sread)
C:/ST/STM32CubeIDE_1.19.0/STM32CubeIDE/plugins/com.st.stm32cube.ide.mcu.externaltools.gnu-tools-for-stm32.13.3.rel1.win32_1.0.0.202411081344/tools/bin/../lib/gcc/arm-none-eabi/13.3.1/../../../../arm-none-eabi/lib/thumb/v7e-m+fp/hard\libc_nano.a(libc_a-vprintf.o)
                              ./Middlewares/ST/STM32_WPAN/utilities/dbg_trace.o (vprintf)
C:/ST/STM32CubeIDE_1.19.0/STM32CubeIDE/plugins/com.st.stm32cube.ide.mcu.externaltools.gnu-tools-for-stm32.13.3.rel1.win32_1.0.0.202411081344/tools/bin/../lib/gcc/arm-none-eabi/13.3.1/../../../../arm-none-eabi/lib/thumb/v7e-m+fp/hard\libc_nano.a(libc_a-memcmp.o)
                              ./Core/Src/main.o (memcmp)
C:/ST/STM32CubeIDE_1.19.0/STM32CubeIDE/plugins/com.st.stm32cube.ide.mcu.externaltools.gnu-tools-for-stm32.13.3.rel1.win32_1.0.0.202411081344/tools/bin/../lib/gcc/arm-none-eabi/13.3.1/../../../../arm-none-eabi/lib/thumb/v7e-m+fp/hard\libc_nano.a(libc_a-memset.o)
                              C:/ST/STM32CubeIDE_1.19.0/STM32CubeIDE/plugins/com.st.stm32cube.ide.mcu.externaltools.gnu-tools-for-stm32.13.3.rel1.win32_1.0.0.202411081344/tools/bin/../lib/gcc/arm-none-eabi/13.3.1/../../../../arm-none-eabi/lib/thumb/v7e-m+fp/hard/crt0.o (memset)
C:/ST/STM32CubeIDE_1.19.0/STM32CubeIDE/plugins/com.st.stm32cube.ide.mcu.externaltools.gnu-tools-for-stm32.13.3.rel1.win32_1.0.0.202411081344/tools/bin/../lib/gcc/arm-none-eabi/13.3.1/../../../../arm-none-eabi/lib/thumb/v7e-m+fp/hard\libc_nano.a(libc_a-strrchr.o)
                              ./Middlewares/ST/STM32_WPAN/utilities/dbg_trace.o (strrchr)
C:/ST/STM32CubeIDE_1.19.0/STM32CubeIDE/plugins/com.st.stm32cube.ide.mcu.externaltools.gnu-tools-for-stm32.13.3.rel1.win32_1.0.0.202411081344/tools/bin/../lib/gcc/arm-none-eabi/13.3.1/../../../../arm-none-eabi/lib/thumb/v7e-m+fp/hard\libc_nano.a(libc_a-closer.o)
                              C:/ST/STM32CubeIDE_1.19.0/STM32CubeIDE/plugins/com.st.stm32cube.ide.mcu.externaltools.gnu-tools-for-stm32.13.3.rel1.win32_1.0.0.202411081344/tools/bin/../lib/gcc/arm-none-eabi/13.3.1/../../../../arm-none-eabi/lib/thumb/v7e-m+fp/hard\libc_nano.a(libc_a-stdio.o) (_close_r)
[...]
Memory Configuration

Name             Origin             Length             Attributes
FLASH            0x08000000         0x0001f000         xr
RAM              0x20000008         0x0000fff8         xrw
RAM_SHARED       0x20030000         0x00002800         xrw
*default*        0x00000000         0xffffffff

Linker script and memory map

LOAD C:/ST/STM32CubeIDE_1.19.0/STM32CubeIDE/plugins/com.st.stm32cube.ide.mcu.externaltools.gnu-tools-for-stm32.13.3.rel1.win32_1.0.0.202411081344/tools/bin/../lib/gcc/arm-none-eabi/13.3.1/thumb/v7e-m+fp/hard/crti.o
LOAD C:/ST/STM32CubeIDE_1.19.0/STM32CubeIDE/plugins/com.st.stm32cube.ide.mcu.externaltools.gnu-tools-for-stm32.13.3.rel1.win32_1.0.0.202411081344/tools/bin/../lib/gcc/arm-none-eabi/13.3.1/thumb/v7e-m+fp/hard/crtbegin.o
LOAD C:/ST/STM32CubeIDE_1.19.0/STM32CubeIDE/plugins/com.st.stm32cube.ide.mcu.externaltools.gnu-tools-for-stm32.13.3.rel1.win32_1.0.0.202411081344/tools/bin/../lib/gcc/arm-none-eabi/13.3.1/../../../../arm-none-eabi/lib/thumb/v7e-m+fp/hard/crt0.o
LOAD ./Core/Src/app_debug.o
LOAD ./Core/Src/app_entry.o
LOAD ./Core/Src/gpio.o
LOAD ./Core/Src/hw_timerserver.o
LOAD ./Core/Src/ipcc.o
LOAD ./Core/Src/main.o
LOAD ./Core/Src/rf.o
LOAD ./Core/Src/rtc.o
LOAD ./Core/Src/stm32_lpm_if.o
LOAD ./Core/Src/stm32wbxx_hal_msp.o
LOAD ./Core/Src/stm32wbxx_it.o
LOAD ./Core/Src/syscalls.o
LOAD ./Core/Src/sysmem.o
LOAD ./Core/Src/system_stm32wbxx.o
LOAD ./Core/Startup/startup_stm32wb55ccux.o
LOAD ./Drivers/STM32WBxx_HAL_Driver/Src/stm32wbxx_hal.o
LOAD ./Drivers/STM32WBxx_HAL_Driver/Src/stm32wbxx_hal_cortex.o
LOAD ./Drivers/STM32WBxx_HAL_Driver/Src/stm32wbxx_hal_dma.o
LOAD ./Drivers/STM32WBxx_HAL_Driver/Src/stm32wbxx_hal_dma_ex.o
LOAD ./Drivers/STM32WBxx_HAL_Driver/Src/stm32wbxx_hal_exti.o
LOAD ./Drivers/STM32WBxx_HAL_Driver/Src/stm32wbxx_hal_flash.o
LOAD ./Drivers/STM32WBxx_HAL_Driver/Src/stm32wbxx_hal_flash_ex.o
LOAD ./Drivers/STM32WBxx_HAL_Driver/Src/stm32wbxx_hal_gpio.o
LOAD ./Drivers/STM32WBxx_HAL_Driver/Src/stm32wbxx_hal_hsem.o
LOAD ./Drivers/STM32WBxx_HAL_Driver/Src/stm32wbxx_hal_ipcc.o
LOAD ./Drivers/STM32WBxx_HAL_Driver/Src/stm32wbxx_hal_pwr.o
LOAD ./Drivers/STM32WBxx_HAL_Driver/Src/stm32wbxx_hal_pwr_ex.o
LOAD ./Drivers/STM32WBxx_HAL_Driver/Src/stm32wbxx_hal_rcc.o
LOAD ./Drivers/STM32WBxx_HAL_Driver/Src/stm32wbxx_hal_rcc_ex.o
LOAD ./Drivers/STM32WBxx_HAL_Driver/Src/stm32wbxx_hal_rtc.o
LOAD ./Drivers/STM32WBxx_HAL_Driver/Src/stm32wbxx_hal_rtc_ex.o
LOAD ./Drivers/STM32WBxx_HAL_Driver/Src/stm32wbxx_ll_rcc.o
LOAD ./Middlewares/ST/STM32_WPAN/ble/core/auto/ble_events.o
LOAD ./Middlewares/ST/STM32_WPAN/ble/core/auto/ble_gap_aci.o
LOAD ./Middlewares/ST/STM32_WPAN/ble/core/auto/ble_gatt_aci.o
LOAD ./Middlewares/ST/STM32_WPAN/ble/core/auto/ble_hal_aci.o
LOAD ./Middlewares/ST/STM32_WPAN/ble/core/auto/ble_hci_le.o
LOAD ./Middlewares/ST/STM32_WPAN/ble/core/auto/ble_l2cap_aci.o
LOAD ./Middlewares/ST/STM32_WPAN/ble/core/template/osal.o
LOAD ./Middlewares/ST/STM32_WPAN/ble/svc/Src/svc_ctl.o
LOAD ./Middlewares/ST/STM32_WPAN/interface/patterns/ble_thread/shci/shci.o
LOAD ./Middlewares/ST/STM32_WPAN/interface/patterns/ble_thread/tl/hci_tl.o
LOAD ./Middlewares/ST/STM32_WPAN/interface/patterns/ble_thread/tl/hci_tl_if.o
LOAD ./Middlewares/ST/STM32_WPAN/interface/patterns/ble_thread/tl/shci_tl.o
LOAD ./Middlewares/ST/STM32_WPAN/interface/patterns/ble_thread/tl/shci_tl_if.o
LOAD ./Middlewares/ST/STM32_WPAN/interface/patterns/ble_thread/tl/tl_mbox.o
LOAD ./Middlewares/ST/STM32_WPAN/utilities/dbg_trace.o
LOAD ./Middlewares/ST/STM32_WPAN/utilities/otp.o
LOAD ./Middlewares/ST/STM32_WPAN/utilities/stm_list.o
LOAD ./Middlewares/ST/STM32_WPAN/utilities/stm_queue.o
LOAD ./STM32_WPAN/App/app_ble.o
LOAD ./STM32_WPAN/App/custom_app.o
LOAD ./STM32_WPAN/App/custom_stm.o
LOAD ./STM32_WPAN/Target/hw_ipcc.o
LOAD ./Utilities/lpm/tiny_lpm/stm32_lpm.o
LOAD ./Utilities/sequencer/stm32_seq.o
START GROUP
LOAD C:/ST/STM32CubeIDE_1.19.0/STM32CubeIDE/plugins/com.st.stm32cube.ide.mcu.externaltools.gnu-tools-for-stm32.13.3.rel1.win32_1.0.0.202411081344/tools/bin/../lib/gcc/arm-none-eabi/13.3.1/../../../../arm-none-eabi/lib/thumb/v7e-m+fp/hard\libc_nano.a
LOAD C:/ST/STM32CubeIDE_1.19.0/STM32CubeIDE/plugins/com.st.stm32cube.ide.mcu.externaltools.gnu-tools-for-stm32.13.3.rel1.win32_1.0.0.202411081344/tools/bin/../lib/gcc/arm-none-eabi/13.3.1/../../../../arm-none-eabi/lib/thumb/v7e-m+fp/hard\libm.a
END GROUP
START GROUP
LOAD C:/ST/STM32CubeIDE_1.19.0/STM32CubeIDE/plugins/com.st.stm32cube.ide.mcu.externaltools.gnu-tools-for-stm32.13.3.rel1.win32_1.0.0.202411081344/tools/bin/../lib/gcc/arm-none-eabi/13.3.1/thumb/v7e-m+fp/hard\libgcc.a
LOAD C:/ST/STM32CubeIDE_1.19.0/STM32CubeIDE/plugins/com.st.stm32cube.ide.mcu.externaltools.gnu-tools-for-stm32.13.3.rel1.win32_1.0.0.202411081344/tools/bin/../lib/gcc/arm-none-eabi/13.3.1/../../../../arm-none-eabi/lib/thumb/v7e-m+fp/hard\libc_nano.a
END GROUP
START GROUP
LOAD C:/ST/STM32CubeIDE_1.19.0/STM32CubeIDE/plugins/com.st.stm32cube.ide.mcu.externaltools.gnu-tools-for-stm32.13.3.rel1.win32_1.0.0.202411081344/tools/bin/../lib/gcc/arm-none-eabi/13.3.1/thumb/v7e-m+fp/hard\libgcc.a
LOAD C:/ST/STM32CubeIDE_1.19.0/STM32CubeIDE/plugins/com.st.stm32cube.ide.mcu.externaltools.gnu-tools-for-stm32.13.3.rel1.win32_1.0.0.202411081344/tools/bin/../lib/gcc/arm-none-eabi/13.3.1/../../../../arm-none-eabi/lib/thumb/v7e-m+fp/hard\libc_nano.a
LOAD C:/ST/STM32CubeIDE_1.19.0/STM32CubeIDE/plugins/com.st.stm32cube.ide.mcu.externaltools.gnu-tools-for-stm32.13.3.rel1.win32_1.0.0.202411081344/tools/bin/../lib/gcc/arm-none-eabi/13.3.1/../../../../arm-none-eabi/lib/thumb/v7e-m+fp/hard\libnosys.a
END GROUP
START GROUP
LOAD C:/ST/STM32CubeIDE_1.19.0/STM32CubeIDE/plugins/com.st.stm32cube.ide.mcu.externaltools.gnu-tools-for-stm32.13.3.rel1.win32_1.0.0.202411081344/tools/bin/../lib/gcc/arm-none-eabi/13.3.1/thumb/v7e-m+fp/hard\libgcc.a
LOAD C:/ST/STM32CubeIDE_1.19.0/STM32CubeIDE/plugins/com.st.stm32cube.ide.mcu.externaltools.gnu-tools-for-stm32.13.3.rel1.win32_1.0.0.202411081344/tools/bin/../lib/gcc/arm-none-eabi/13.3.1/../../../../arm-none-eabi/lib/thumb/v7e-m+fp/hard\libc_nano.a
LOAD C:/ST/STM32CubeIDE_1.19.0/STM32CubeIDE/plugins/com.st.stm32cube.ide.mcu.externaltools.gnu-tools-for-stm32.13.3.rel1.win32_1.0.0.202411081344/tools/bin/../lib/gcc/arm-none-eabi/13.3.1/../../../../arm-none-eabi/lib/thumb/v7e-m+fp/hard\libnosys.a
END GROUP
LOAD C:/ST/STM32CubeIDE_1.19.0/STM32CubeIDE/plugins/com.st.stm32cube.ide.mcu.externaltools.gnu-tools-for-stm32.13.3.rel1.win32_1.0.0.202411081344/tools/bin/../lib/gcc/arm-none-eabi/13.3.1/thumb/v7e-m+fp/hard/crtend.o
LOAD C:/ST/STM32CubeIDE_1.19.0/STM32CubeIDE/plugins/com.st.stm32cube.ide.mcu.externaltools.gnu-tools-for-stm32.13.3.rel1.win32_1.0.0.202411081344/tools/bin/../lib/gcc/arm-none-eabi/13.3.1/thumb/v7e-m+fp/hard/crtn.o
                0x20010000                        _estack = (ORIGIN (RAM) + LENGTH (RAM))
                0x00000200                        _Min_Heap_Size = 0x200
                0x00000400                        _Min_Stack_Size = 0x400

.isr_vector     0x08000000      0x13c
                0x08000000                        . = ALIGN (0x4)
 *(.isr_vector)
 .isr_vector    0x08000000      0x13c ./Core/Startup/startup_stm32wb55ccux.o
                0x08000000                g_pfnVectors
                0x0800013c                        . = ALIGN (0x4)

.text           0x0800013c     0x8594
                0x0800013c                        . = ALIGN (0x4)
 *(.text)
 .text          0x0800013c       0x40 C:/ST/STM32CubeIDE_1.19.0/STM32CubeIDE/plugins/com.st.stm32cube.ide.mcu.externaltools.gnu-tools-for-stm32.13.3.rel1.win32_1.0.0.202411081344/tools/bin/../lib/gcc/arm-none-eabi/13.3.1/thumb/v7e-m+fp/hard/crtbegin.o
 .text          0x0800017c       0x10 C:/ST/STM32CubeIDE_1.19.0/STM32CubeIDE/plugins/com.st.stm32cube.ide.mcu.externaltools.gnu-tools-for-stm32.13.3.rel1.win32_1.0.0.202411081344/tools/bin/../lib/gcc/arm-none-eabi/13.3.1/../../../../arm-none-eabi/lib/thumb/v7e-m+fp/hard\libc_nano.a(libc_a-strlen.o)
                0x0800017c                strlen
 *(.text*)
 .text.APPD_EnableCPU2
                0x0800018c       0x38 ./Core/Src/app_debug.o
                0x0800018c                APPD_EnableCPU2
 .text.LL_C2_PWR_SetPowerMode
                0x080001c4       0x2c ./Core/Src/app_entry.o
 .text.LL_EXTI_EnableIT_32_63
                0x080001f0       0x28 ./Core/Src/app_entry.o
 .text.LL_RCC_HSE_SetCapacitorTuning
                0x08000218       0x3c ./Core/Src/app_entry.o
 .text.LL_RCC_SetClkAfterWakeFromStop
                0x08000254       0x28 ./Core/Src/app_entry.o
 .text.LL_DBGMCU_GetDeviceID
                0x0800027c       0x1c ./Core/Src/app_entry.o
 .text.LL_DBGMCU_GetRevisionID
                0x08000298       0x1c ./Core/Src/app_entry.o
 .text.LL_LPM_EnableSleep
                0x080002b4       0x20 ./Core/Src/app_entry.o
 .text.LL_RTC_EnableWriteProtection
                0x080002d4       0x1a ./Core/Src/app_entry.o
 .text.LL_RTC_DisableWriteProtection
                0x080002ee       0x20 ./Core/Src/app_entry.o
 .text.LL_RTC_WAKEUP_SetClock
                0x0800030e       0x26 ./Core/Src/app_entry.o
 .text.MX_APPE_Config
                0x08000334       0x1c ./Core/Src/app_entry.o
                0x08000334                MX_APPE_Config
 .text.MX_APPE_Init
                0x08000350       0x20 ./Core/Src/app_entry.o
                0x08000350                MX_APPE_Init
 .text.Init_Smps
                0x08000370        0xe ./Core/Src/app_entry.o
                0x08000370                Init_Smps
 .text.Init_Exti
                0x0800037e        0xe ./Core/Src/app_entry.o
                0x0800037e                Init_Exti
 .text.Reset_Device
                0x0800038c        0xe ./Core/Src/app_entry.o
 .text.Config_HSE
                0x0800039a       0x28 ./Core/Src/app_entry.o
 .text.System_Init
                0x080003c2       0x14 ./Core/Src/app_entry.o
 *fill*         0x080003d6        0x2 
 .text.Init_Rtc
                0x080003d8       0x20 ./Core/Src/app_entry.o
 .text.SystemPower_Config
                0x080003f8       0x1a ./Core/Src/app_entry.o
 *fill*         0x08000412        0x2 
 .text.appe_Tl_Init
                0x08000414       0x6c ./Core/Src/app_entry.o
 .text.APPE_SysStatusNot
                0x08000480       0x16 ./Core/Src/app_entry.o
 *fill*         0x08000496        0x2 
 .text.APPE_SysUserEvtRx
                0x08000498       0x68 ./Core/Src/app_entry.o
 .text.APPE_SysEvtError
                0x08000500       0x22 ./Core/Src/app_entry.o
 .text.APPE_SysEvtReadyProcessing
                0x08000522       0x88 ./Core/Src/app_entry.o
 .text.HAL_Delay
                0x080005aa       0x4a ./Core/Src/app_entry.o
                0x080005aa                HAL_Delay
 .text.MX_APPE_Process
                0x080005f4       0x10 ./Core/Src/app_entry.o
                0x080005f4                MX_APPE_Process
 .text.UTIL_SEQ_Idle
                0x08000604        0xe ./Core/Src/app_entry.o
                0x08000604                UTIL_SEQ_Idle
 .text.shci_notify_asynch_evt
                0x08000612       0x18 ./Core/Src/app_entry.o
                0x08000612                shci_notify_asynch_evt
 .text.shci_cmd_resp_release
                0x0800062a       0x16 ./Core/Src/app_entry.o
                0x0800062a                shci_cmd_resp_release
 .text.shci_cmd_resp_wait
                0x08000640       0x16 ./Core/Src/app_entry.o
                0x08000640                shci_cmd_resp_wait
 .text.LL_AHB2_GRP1_EnableClock
                0x08000656       0x32 ./Core/Src/gpio.o
 .text.MX_GPIO_Init
                0x08000688       0x50 ./Core/Src/gpio.o
                0x08000688                MX_GPIO_Init
 .text.LL_EXTI_EnableIT_0_31
                0x080006d8       0x28 ./Core/Src/hw_timerserver.o
 .text.LL_EXTI_EnableRisingTrig_0_31
                0x08000700       0x24 ./Core/Src/hw_timerserver.o
 .text.ReadRtcSsrValue
                0x08000724       0x40 ./Core/Src/hw_timerserver.o
 .text.LinkTimerAfter
                0x08000764       0x8c ./Core/Src/hw_timerserver.o
 .text.LinkTimerBefore
                0x080007f0       0xc0 ./Core/Src/hw_timerserver.o
 .text.linkTimer
                0x080008b0      0x154 ./Core/Src/hw_timerserver.o
 .text.UnlinkTimer
                0x08000a04      0x108 ./Core/Src/hw_timerserver.o
 .text.ReturnTimeElapsed
                0x08000b0c       0x80 ./Core/Src/hw_timerserver.o
 .text.RestartWakeupCounter
                0x08000b8c       0xb0 ./Core/Src/hw_timerserver.o
 .text.RescheduleTimerList
                0x08000c3c      0x134 ./Core/Src/hw_timerserver.o
 .text.HW_TS_RTC_Wakeup_Handler
                0x08000d70      0x190 ./Core/Src/hw_timerserver.o
                0x08000d70                HW_TS_RTC_Wakeup_Handler
 .text.HW_TS_Init
                0x08000f00      0x1b4 ./Core/Src/hw_timerserver.o
                0x08000f00                HW_TS_Init
 .text.HW_TS_Stop
                0x080010b4      0x108 ./Core/Src/hw_timerserver.o
                0x080010b4                HW_TS_Stop
 .text.HW_TS_Start
                0x080011bc      0x10c ./Core/Src/hw_timerserver.o
                0x080011bc                HW_TS_Start
 .text.HW_TS_RTC_Int_AppNot
                0x080012c8       0x1a ./Core/Src/hw_timerserver.o
                0x080012c8                HW_TS_RTC_Int_AppNot
 .text.LL_AHB3_GRP1_EnableClock
                0x080012e2       0x32 ./Core/Src/ipcc.o
 .text.MX_IPCC_Init
                0x08001314       0x28 ./Core/Src/ipcc.o
                0x08001314                MX_IPCC_Init
 .text.HAL_IPCC_MspInit
                0x0800133c       0x48 ./Core/Src/ipcc.o
                0x0800133c                HAL_IPCC_MspInit
 .text.main     0x08001384      0x280 ./Core/Src/main.o
                0x08001384                main
 .text.SystemClock_Config
                0x08001604       0xbc ./Core/Src/main.o
                0x08001604                SystemClock_Config
 .text.PeriphCommonClock_Config
                0x080016c0       0x40 ./Core/Src/main.o
                0x080016c0                PeriphCommonClock_Config
 .text.Error_Handler
                0x08001700        0xc ./Core/Src/main.o
                0x08001700                Error_Handler
 .text.MX_RF_Init
                0x0800170c        0xe ./Core/Src/rf.o
                0x0800170c                MX_RF_Init
 .text.LL_RCC_EnableRTC
                0x0800171a       0x22 ./Core/Src/rtc.o
 .text.LL_APB1_GRP1_EnableClock
                0x0800173c       0x32 ./Core/Src/rtc.o
 *fill*         0x0800176e        0x2 
 .text.MX_RTC_Init
                0x08001770       0x68 ./Core/Src/rtc.o
                0x08001770                MX_RTC_Init
 .text.HAL_RTC_MspInit
                0x080017d8       0x6c ./Core/Src/rtc.o
                0x080017d8                HAL_RTC_MspInit
 .text.LL_AHB3_GRP1_EnableClock
                0x08001844       0x32 ./Core/Src/stm32wbxx_hal_msp.o
 .text.HAL_MspInit
                0x08001876       0x20 ./Core/Src/stm32wbxx_hal_msp.o
                0x08001876                HAL_MspInit
 .text.NMI_Handler
                0x08001896        0x8 ./Core/Src/stm32wbxx_it.o
                0x08001896                NMI_Handler
 .text.HardFault_Handler
                0x0800189e        0x8 ./Core/Src/stm32wbxx_it.o
                0x0800189e                HardFault_Handler
 .text.MemManage_Handler
                0x080018a6        0x8 ./Core/Src/stm32wbxx_it.o
                0x080018a6                MemManage_Handler
 .text.BusFault_Handler
                0x080018ae        0x8 ./Core/Src/stm32wbxx_it.o
                0x080018ae                BusFault_Handler
 .text.UsageFault_Handler
                0x080018b6        0x8 ./Core/Src/stm32wbxx_it.o
                0x080018b6                UsageFault_Handler
 .text.SVC_Handler
                0x080018be        0xe ./Core/Src/stm32wbxx_it.o
                0x080018be                SVC_Handler
 .text.DebugMon_Handler
                0x080018cc        0xe ./Core/Src/stm32wbxx_it.o
                0x080018cc                DebugMon_Handler
 .text.PendSV_Handler
                0x080018da        0xe ./Core/Src/stm32wbxx_it.o
                0x080018da                PendSV_Handler
 .text.SysTick_Handler
                0x080018e8        0xc ./Core/Src/stm32wbxx_it.o
                0x080018e8                SysTick_Handler
 .text.RTC_WKUP_IRQHandler
                0x080018f4        0xc ./Core/Src/stm32wbxx_it.o
                0x080018f4                RTC_WKUP_IRQHandler
 .text.IPCC_C1_RX_IRQHandler
                0x08001900        0xc ./Core/Src/stm32wbxx_it.o
                0x08001900                IPCC_C1_RX_IRQHandler
 .text.IPCC_C1_TX_IRQHandler
                0x0800190c        0xc ./Core/Src/stm32wbxx_it.o
                0x0800190c                IPCC_C1_TX_IRQHandler
 .text.HSEM_IRQHandler
                0x08001918        0xc ./Core/Src/stm32wbxx_it.o
                0x08001918                HSEM_IRQHandler
 .text.SystemInit
                0x08001924       0xa4 ./Core/Src/system_stm32wbxx.o
                0x08001924                SystemInit
 .text.data_initializers
                0x080019c8       0x18 ./Core/Startup/startup_stm32wb55ccux.o
 .text.Reset_Handler
                0x080019e0       0x58 ./Core/Startup/startup_stm32wb55ccux.o
                0x080019e0                Reset_Handler
 .text.Default_Handler
                0x08001a38        0x2 ./Core/Startup/startup_stm32wb55ccux.o
                0x08001a38                RTC_Alarm_IRQHandler
                0x08001a38                EXTI2_IRQHandler
                0x08001a38                TIM1_CC_IRQHandler
                0x08001a38                TSC_IRQHandler
                0x08001a38                USB_HP_IRQHandler
                0x08001a38                EXTI3_IRQHandler
                0x08001a38                LPTIM2_IRQHandler
                0x08001a38                I2C3_ER_IRQHandler
                0x08001a38                EXTI0_IRQHandler
                0x08001a38                FPU_IRQHandler
                0x08001a38                TIM1_UP_TIM16_IRQHandler
                0x08001a38                AES1_IRQHandler
                0x08001a38                SPI1_IRQHandler
                0x08001a38                PWR_SOTF_BLEACT_802ACT_RFPHASE_IRQHandler
                0x08001a38                DMA2_Channel2_IRQHandler
                0x08001a38                DMA1_Channel4_IRQHandler
                0x08001a38                ADC1_IRQHandler
                0x08001a38                PKA_IRQHandler
                0x08001a38                DMA1_Channel7_IRQHandler
                0x08001a38                LCD_IRQHandler
                0x08001a38                DMA2_Channel1_IRQHandler
                0x08001a38                QUADSPI_IRQHandler
                0x08001a38                I2C1_EV_IRQHandler
                0x08001a38                DMAMUX1_OVR_IRQHandler
                0x08001a38                DMA1_Channel6_IRQHandler
                0x08001a38                DMA2_Channel4_IRQHandler
                0x08001a38                RCC_IRQHandler
                0x08001a38                DMA1_Channel1_IRQHandler
                0x08001a38                Default_Handler
                0x08001a38                DMA2_Channel7_IRQHandler
                0x08001a38                EXTI15_10_IRQHandler
                0x08001a38                C2SEV_PWR_C2H_IRQHandler
                0x08001a38                AES2_IRQHandler
                0x08001a38                I2C3_EV_IRQHandler
                0x08001a38                EXTI9_5_IRQHandler
                0x08001a38                PVD_PVM_IRQHandler
                0x08001a38                SPI2_IRQHandler
                0x08001a38                DMA2_Channel5_IRQHandler
                0x08001a38                CRS_IRQHandler
                0x08001a38                DMA1_Channel5_IRQHandler
                0x08001a38                USB_LP_IRQHandler
                0x08001a38                EXTI4_IRQHandler
                0x08001a38                RNG_IRQHandler
                0x08001a38                TIM1_TRG_COM_TIM17_IRQHandler
                0x08001a38                TAMP_STAMP_LSECSS_IRQHandler
                0x08001a38                DMA1_Channel3_IRQHandler
                0x08001a38                COMP_IRQHandler
                0x08001a38                WWDG_IRQHandler
                0x08001a38                LPUART1_IRQHandler
                0x08001a38                DMA2_Channel6_IRQHandler
                0x08001a38                TIM2_IRQHandler
                0x08001a38                TIM1_BRK_IRQHandler
                0x08001a38                EXTI1_IRQHandler
                0x08001a38                DMA1_Channel2_IRQHandler
                0x08001a38                FLASH_IRQHandler
                0x08001a38                USART1_IRQHandler
                0x08001a38                I2C1_ER_IRQHandler
                0x08001a38                LPTIM1_IRQHandler
                0x08001a38                SAI1_IRQHandler
                0x08001a38                DMA2_Channel3_IRQHandler
 *fill*         0x08001a3a        0x2 
 .text.HAL_Init
                0x08001a3c       0x40 ./Drivers/STM32WBxx_HAL_Driver/Src/stm32wbxx_hal.o
                0x08001a3c                HAL_Init
 .text.HAL_InitTick
                0x08001a7c       0x74 ./Drivers/STM32WBxx_HAL_Driver/Src/stm32wbxx_hal.o
                0x08001a7c                HAL_InitTick
 .text.HAL_IncTick
                0x08001af0       0x28 ./Drivers/STM32WBxx_HAL_Driver/Src/stm32wbxx_hal.o
                0x08001af0                HAL_IncTick
 .text.HAL_GetTick
                0x08001b18       0x18 ./Drivers/STM32WBxx_HAL_Driver/Src/stm32wbxx_hal.o
                0x08001b18                HAL_GetTick
 .text.HAL_GetTickPrio
                0x08001b30       0x18 ./Drivers/STM32WBxx_HAL_Driver/Src/stm32wbxx_hal.o
                0x08001b30                HAL_GetTickPrio
 .text.HAL_GetTickFreq
                0x08001b48       0x18 ./Drivers/STM32WBxx_HAL_Driver/Src/stm32wbxx_hal.o
                0x08001b48                HAL_GetTickFreq
 .text.__NVIC_SetPriorityGrouping
                0x08001b60       0x48 ./Drivers/STM32WBxx_HAL_Driver/Src/stm32wbxx_hal_cortex.o
 .text.__NVIC_GetPriorityGrouping
                0x08001ba8       0x1c ./Drivers/STM32WBxx_HAL_Driver/Src/stm32wbxx_hal_cortex.o
 .text.__NVIC_EnableIRQ
                0x08001bc4       0x3c ./Drivers/STM32WBxx_HAL_Driver/Src/stm32wbxx_hal_cortex.o
 .text.__NVIC_DisableIRQ
                0x08001c00       0x48 ./Drivers/STM32WBxx_HAL_Driver/Src/stm32wbxx_hal_cortex.o
 .text.__NVIC_SetPendingIRQ
                0x08001c48       0x3c ./Drivers/STM32WBxx_HAL_Driver/Src/stm32wbxx_hal_cortex.o
 .text.__NVIC_ClearPendingIRQ
                0x08001c84       0x3c ./Drivers/STM32WBxx_HAL_Driver/Src/stm32wbxx_hal_cortex.o
 .text.__NVIC_SetPriority
                0x08001cc0       0x54 ./Drivers/STM32WBxx_HAL_Driver/Src/stm32wbxx_hal_cortex.o
 .text.NVIC_EncodePriority
                0x08001d14       0x66 ./Drivers/STM32WBxx_HAL_Driver/Src/stm32wbxx_hal_cortex.o
 *fill*         0x08001d7a        0x2 
 .text.SysTick_Config
                0x08001d7c       0x44 ./Drivers/STM32WBxx_HAL_Driver/Src/stm32wbxx_hal_cortex.o
 .text.HAL_NVIC_SetPriorityGrouping
                0x08001dc0       0x16 ./Drivers/STM32WBxx_HAL_Driver/Src/stm32wbxx_hal_cortex.o
                0x08001dc0                HAL_NVIC_SetPriorityGrouping
 .text.HAL_NVIC_SetPriority
                0x08001dd6       0x34 ./Drivers/STM32WBxx_HAL_Driver/Src/stm32wbxx_hal_cortex.o
                0x08001dd6                HAL_NVIC_SetPriority
 .text.HAL_NVIC_EnableIRQ
                0x08001e0a       0x1c ./Drivers/STM32WBxx_HAL_Driver/Src/stm32wbxx_hal_cortex.o
                0x08001e0a                HAL_NVIC_EnableIRQ
 .text.HAL_NVIC_DisableIRQ
                0x08001e26       0x1c ./Drivers/STM32WBxx_HAL_Driver/Src/stm32wbxx_hal_cortex.o
                0x08001e26                HAL_NVIC_DisableIRQ
 .text.HAL_SYSTICK_Config
                0x08001e42       0x18 ./Drivers/STM32WBxx_HAL_Driver/Src/stm32wbxx_hal_cortex.o
                0x08001e42                HAL_SYSTICK_Config
 .text.HAL_NVIC_SetPendingIRQ
                0x08001e5a       0x1c ./Drivers/STM32WBxx_HAL_Driver/Src/stm32wbxx_hal_cortex.o
                0x08001e5a                HAL_NVIC_SetPendingIRQ
 .text.HAL_NVIC_ClearPendingIRQ
                0x08001e76       0x1c ./Drivers/STM32WBxx_HAL_Driver/Src/stm32wbxx_hal_cortex.o
                0x08001e76                HAL_NVIC_ClearPendingIRQ
 *fill*         0x08001e92        0x2 
 .text.HAL_GPIO_Init
                0x08001e94      0x2e0 ./Drivers/STM32WBxx_HAL_Driver/Src/stm32wbxx_hal_gpio.o
                0x08001e94                HAL_GPIO_Init
 .text.HAL_GPIO_WritePin
                0x08002174       0x30 ./Drivers/STM32WBxx_HAL_Driver/Src/stm32wbxx_hal_gpio.o
                0x08002174                HAL_GPIO_WritePin
 .text.HAL_HSEM_IRQHandler
                0x080021a4       0x34 ./Drivers/STM32WBxx_HAL_Driver/Src/stm32wbxx_hal_hsem.o
                0x080021a4                HAL_HSEM_IRQHandler
 .text.HAL_HSEM_FreeCallback
                0x080021d8       0x14 ./Drivers/STM32WBxx_HAL_Driver/Src/stm32wbxx_hal_hsem.o
                0x080021d8                HAL_HSEM_FreeCallback
 .text.HAL_IPCC_Init
                0x080021ec       0x64 ./Drivers/STM32WBxx_HAL_Driver/Src/stm32wbxx_hal_ipcc.o
                0x080021ec                HAL_IPCC_Init
 .text.HAL_IPCC_RxCallback
                0x08002250       0x1a ./Drivers/STM32WBxx_HAL_Driver/Src/stm32wbxx_hal_ipcc.o
                0x08002250                HAL_IPCC_RxCallback
 .text.HAL_IPCC_TxCallback
                0x0800226a       0x1a ./Drivers/STM32WBxx_HAL_Driver/Src/stm32wbxx_hal_ipcc.o
                0x0800226a                HAL_IPCC_TxCallback
 .text.IPCC_SetDefaultCallbacks
                0x08002284       0x4c ./Drivers/STM32WBxx_HAL_Driver/Src/stm32wbxx_hal_ipcc.o
                0x08002284                IPCC_SetDefaultCallbacks
 .text.IPCC_Reset_Register
                0x080022d0       0x28 ./Drivers/STM32WBxx_HAL_Driver/Src/stm32wbxx_hal_ipcc.o
                0x080022d0                IPCC_Reset_Register
 .text.HAL_PWR_EnableBkUpAccess
                0x080022f8       0x20 ./Drivers/STM32WBxx_HAL_Driver/Src/stm32wbxx_hal_pwr.o
                0x080022f8                HAL_PWR_EnableBkUpAccess
 .text.HAL_PWREx_GetVoltageRange
                0x08002318       0x1c ./Drivers/STM32WBxx_HAL_Driver/Src/stm32wbxx_hal_pwr_ex.o
                0x08002318                HAL_PWREx_GetVoltageRange
 .text.LL_RCC_HSE_IsEnabledDiv2
                0x08002334       0x24 ./Drivers/STM32WBxx_HAL_Driver/Src/stm32wbxx_hal_rcc.o
 .text.LL_RCC_HSE_Enable
                0x08002358       0x1e ./Drivers/STM32WBxx_HAL_Driver/Src/stm32wbxx_hal_rcc.o
 .text.LL_RCC_HSE_Disable
                0x08002376       0x1e ./Drivers/STM32WBxx_HAL_Driver/Src/stm32wbxx_hal_rcc.o
 .text.LL_RCC_HSE_IsReady
                0x08002394       0x24 ./Drivers/STM32WBxx_HAL_Driver/Src/stm32wbxx_hal_rcc.o
 .text.LL_RCC_HSI_Enable
                0x080023b8       0x1e ./Drivers/STM32WBxx_HAL_Driver/Src/stm32wbxx_hal_rcc.o
 .text.LL_RCC_HSI_Disable
                0x080023d6       0x1e ./Drivers/STM32WBxx_HAL_Driver/Src/stm32wbxx_hal_rcc.o
 .text.LL_RCC_HSI_IsReady
                0x080023f4       0x24 ./Drivers/STM32WBxx_HAL_Driver/Src/stm32wbxx_hal_rcc.o
 .text.LL_RCC_HSI_SetCalibTrimming
                0x08002418       0x2a ./Drivers/STM32WBxx_HAL_Driver/Src/stm32wbxx_hal_rcc.o
 .text.LL_RCC_HSI48_Enable
                0x08002442       0x22 ./Drivers/STM32WBxx_HAL_Driver/Src/stm32wbxx_hal_rcc.o
 .text.LL_RCC_HSI48_Disable
                0x08002464       0x22 ./Drivers/STM32WBxx_HAL_Driver/Src/stm32wbxx_hal_rcc.o
 .text.LL_RCC_HSI48_IsReady
                0x08002486       0x24 ./Drivers/STM32WBxx_HAL_Driver/Src/stm32wbxx_hal_rcc.o
 .text.LL_RCC_LSE_Enable
                0x080024aa       0x22 ./Drivers/STM32WBxx_HAL_Driver/Src/stm32wbxx_hal_rcc.o
 .text.LL_RCC_LSE_Disable
                0x080024cc       0x22 ./Drivers/STM32WBxx_HAL_Driver/Src/stm32wbxx_hal_rcc.o
 .text.LL_RCC_LSE_EnableBypass
                0x080024ee       0x22 ./Drivers/STM32WBxx_HAL_Driver/Src/stm32wbxx_hal_rcc.o
 .text.LL_RCC_LSE_DisableBypass
                0x08002510       0x22 ./Drivers/STM32WBxx_HAL_Driver/Src/stm32wbxx_hal_rcc.o
 .text.LL_RCC_LSE_IsReady
                0x08002532       0x24 ./Drivers/STM32WBxx_HAL_Driver/Src/stm32wbxx_hal_rcc.o
 .text.LL_RCC_LSI1_Enable
                0x08002556       0x22 ./Drivers/STM32WBxx_HAL_Driver/Src/stm32wbxx_hal_rcc.o
 .text.LL_RCC_LSI1_Disable
                0x08002578       0x22 ./Drivers/STM32WBxx_HAL_Driver/Src/stm32wbxx_hal_rcc.o
 .text.LL_RCC_LSI1_IsReady
                0x0800259a       0x24 ./Drivers/STM32WBxx_HAL_Driver/Src/stm32wbxx_hal_rcc.o
 .text.LL_RCC_LSI2_Enable
                0x080025be       0x22 ./Drivers/STM32WBxx_HAL_Driver/Src/stm32wbxx_hal_rcc.o
 .text.LL_RCC_LSI2_Disable
                0x080025e0       0x22 ./Drivers/STM32WBxx_HAL_Driver/Src/stm32wbxx_hal_rcc.o
 .text.LL_RCC_LSI2_IsReady
                0x08002602       0x24 ./Drivers/STM32WBxx_HAL_Driver/Src/stm32wbxx_hal_rcc.o
 .text.LL_RCC_LSI2_SetTrimming
                0x08002626       0x2e ./Drivers/STM32WBxx_HAL_Driver/Src/stm32wbxx_hal_rcc.o
 .text.LL_RCC_MSI_Enable
                0x08002654       0x1e ./Drivers/STM32WBxx_HAL_Driver/Src/stm32wbxx_hal_rcc.o
 .text.LL_RCC_MSI_Disable
                0x08002672       0x1e ./Drivers/STM32WBxx_HAL_Driver/Src/stm32wbxx_hal_rcc.o
 .text.LL_RCC_MSI_IsReady
                0x08002690       0x22 ./Drivers/STM32WBxx_HAL_Driver/Src/stm32wbxx_hal_rcc.o
 .text.LL_RCC_MSI_SetRange
                0x080026b2       0x28 ./Drivers/STM32WBxx_HAL_Driver/Src/stm32wbxx_hal_rcc.o
 .text.LL_RCC_MSI_GetRange
                0x080026da       0x2a ./Drivers/STM32WBxx_HAL_Driver/Src/stm32wbxx_hal_rcc.o
 .text.LL_RCC_MSI_SetCalibTrimming
                0x08002704       0x2a ./Drivers/STM32WBxx_HAL_Driver/Src/stm32wbxx_hal_rcc.o
 .text.LL_RCC_SetSysClkSource
                0x0800272e       0x28 ./Drivers/STM32WBxx_HAL_Driver/Src/stm32wbxx_hal_rcc.o
 .text.LL_RCC_GetSysClkSource
                0x08002756       0x18 ./Drivers/STM32WBxx_HAL_Driver/Src/stm32wbxx_hal_rcc.o
 .text.LL_RCC_SetAHBPrescaler
                0x0800276e       0x28 ./Drivers/STM32WBxx_HAL_Driver/Src/stm32wbxx_hal_rcc.o
 .text.LL_C2_RCC_SetAHBPrescaler
                0x08002796       0x2c ./Drivers/STM32WBxx_HAL_Driver/Src/stm32wbxx_hal_rcc.o
 .text.LL_RCC_SetAHB4Prescaler
                0x080027c2       0x2e ./Drivers/STM32WBxx_HAL_Driver/Src/stm32wbxx_hal_rcc.o
 .text.LL_RCC_SetAPB1Prescaler
                0x080027f0       0x28 ./Drivers/STM32WBxx_HAL_Driver/Src/stm32wbxx_hal_rcc.o
 .text.LL_RCC_SetAPB2Prescaler
                0x08002818       0x28 ./Drivers/STM32WBxx_HAL_Driver/Src/stm32wbxx_hal_rcc.o
 .text.LL_RCC_GetAHBPrescaler
                0x08002840       0x18 ./Drivers/STM32WBxx_HAL_Driver/Src/stm32wbxx_hal_rcc.o
 .text.LL_RCC_GetAHB4Prescaler
                0x08002858       0x1c ./Drivers/STM32WBxx_HAL_Driver/Src/stm32wbxx_hal_rcc.o
 .text.LL_RCC_PLL_Enable
                0x08002874       0x1e ./Drivers/STM32WBxx_HAL_Driver/Src/stm32wbxx_hal_rcc.o
 .text.LL_RCC_PLL_Disable
                0x08002892       0x1e ./Drivers/STM32WBxx_HAL_Driver/Src/stm32wbxx_hal_rcc.o
 .text.LL_RCC_PLL_IsReady
                0x080028b0       0x24 ./Drivers/STM32WBxx_HAL_Driver/Src/stm32wbxx_hal_rcc.o
 .text.LL_RCC_PLL_GetN
                0x080028d4       0x1a ./Drivers/STM32WBxx_HAL_Driver/Src/stm32wbxx_hal_rcc.o
 .text.LL_RCC_PLL_GetR
                0x080028ee       0x18 ./Drivers/STM32WBxx_HAL_Driver/Src/stm32wbxx_hal_rcc.o
 .text.LL_RCC_PLL_GetDivider
                0x08002906       0x18 ./Drivers/STM32WBxx_HAL_Driver/Src/stm32wbxx_hal_rcc.o
 .text.LL_RCC_PLL_GetMainSource
                0x0800291e       0x18 ./Drivers/STM32WBxx_HAL_Driver/Src/stm32wbxx_hal_rcc.o
 .text.LL_RCC_IsActiveFlag_HPRE
                0x08002936       0x24 ./Drivers/STM32WBxx_HAL_Driver/Src/stm32wbxx_hal_rcc.o
 .text.LL_RCC_IsActiveFlag_C2HPRE
                0x0800295a       0x26 ./Drivers/STM32WBxx_HAL_Driver/Src/stm32wbxx_hal_rcc.o
 .text.LL_RCC_IsActiveFlag_SHDHPRE
                0x08002980       0x26 ./Drivers/STM32WBxx_HAL_Driver/Src/stm32wbxx_hal_rcc.o
 .text.LL_RCC_IsActiveFlag_PPRE1
                0x080029a6       0x24 ./Drivers/STM32WBxx_HAL_Driver/Src/stm32wbxx_hal_rcc.o
 .text.LL_RCC_IsActiveFlag_PPRE2
                0x080029ca       0x24 ./Drivers/STM32WBxx_HAL_Driver/Src/stm32wbxx_hal_rcc.o
 *fill*         0x080029ee        0x2 
 .text.HAL_RCC_OscConfig
                0x080029f0      0x6e8 ./Drivers/STM32WBxx_HAL_Driver/Src/stm32wbxx_hal_rcc.o
                0x080029f0                HAL_RCC_OscConfig
 .text.HAL_RCC_ClockConfig
                0x080030d8      0x280 ./Drivers/STM32WBxx_HAL_Driver/Src/stm32wbxx_hal_rcc.o
                0x080030d8                HAL_RCC_ClockConfig
 .text.HAL_RCC_GetSysClockFreq
                0x08003358       0xd8 ./Drivers/STM32WBxx_HAL_Driver/Src/stm32wbxx_hal_rcc.o
                0x08003358                HAL_RCC_GetSysClockFreq
 .text.HAL_RCC_GetHCLKFreq
                0x08003430       0x28 ./Drivers/STM32WBxx_HAL_Driver/Src/stm32wbxx_hal_rcc.o
                0x08003430                HAL_RCC_GetHCLKFreq
 .text.RCC_SetFlashLatencyFromMSIRange
                0x08003458       0x70 ./Drivers/STM32WBxx_HAL_Driver/Src/stm32wbxx_hal_rcc.o
 .text.RCC_SetFlashLatency
                0x080034c8       0xf8 ./Drivers/STM32WBxx_HAL_Driver/Src/stm32wbxx_hal_rcc.o
 .text.LL_RCC_LSE_IsEnabled
                0x080035c0       0x24 ./Drivers/STM32WBxx_HAL_Driver/Src/stm32wbxx_hal_rcc_ex.o
 .text.LL_RCC_LSE_IsReady
                0x080035e4       0x24 ./Drivers/STM32WBxx_HAL_Driver/Src/stm32wbxx_hal_rcc_ex.o
 .text.LL_RCC_SetRFWKPClockSource
                0x08003608       0x2c ./Drivers/STM32WBxx_HAL_Driver/Src/stm32wbxx_hal_rcc_ex.o
 .text.LL_RCC_SetSMPSClockSource
                0x08003634       0x28 ./Drivers/STM32WBxx_HAL_Driver/Src/stm32wbxx_hal_rcc_ex.o
 .text.LL_RCC_SetSMPSPrescaler
                0x0800365c       0x28 ./Drivers/STM32WBxx_HAL_Driver/Src/stm32wbxx_hal_rcc_ex.o
 .text.LL_RCC_SetUSARTClockSource
                0x08003684       0x2c ./Drivers/STM32WBxx_HAL_Driver/Src/stm32wbxx_hal_rcc_ex.o
 .text.LL_RCC_SetLPUARTClockSource
                0x080036b0       0x2c ./Drivers/STM32WBxx_HAL_Driver/Src/stm32wbxx_hal_rcc_ex.o
 .text.LL_RCC_SetI2CClockSource
                0x080036dc       0x3a ./Drivers/STM32WBxx_HAL_Driver/Src/stm32wbxx_hal_rcc_ex.o
 .text.LL_RCC_SetLPTIMClockSource
                0x08003716       0x34 ./Drivers/STM32WBxx_HAL_Driver/Src/stm32wbxx_hal_rcc_ex.o
 .text.LL_RCC_SetSAIClockSource
                0x0800374a       0x2c ./Drivers/STM32WBxx_HAL_Driver/Src/stm32wbxx_hal_rcc_ex.o
 .text.LL_RCC_SetRNGClockSource
                0x08003776       0x2c ./Drivers/STM32WBxx_HAL_Driver/Src/stm32wbxx_hal_rcc_ex.o
 .text.LL_RCC_SetCLK48ClockSource
                0x080037a2       0x2c ./Drivers/STM32WBxx_HAL_Driver/Src/stm32wbxx_hal_rcc_ex.o
 .text.LL_RCC_SetUSBClockSource
                0x080037ce       0x16 ./Drivers/STM32WBxx_HAL_Driver/Src/stm32wbxx_hal_rcc_ex.o
 .text.LL_RCC_SetADCClockSource
                0x080037e4       0x2c ./Drivers/STM32WBxx_HAL_Driver/Src/stm32wbxx_hal_rcc_ex.o
 .text.LL_RCC_SetRTCClockSource
                0x08003810       0x2c ./Drivers/STM32WBxx_HAL_Driver/Src/stm32wbxx_hal_rcc_ex.o
 .text.LL_RCC_GetRTCClockSource
                0x0800383c       0x1a ./Drivers/STM32WBxx_HAL_Driver/Src/stm32wbxx_hal_rcc_ex.o
 .text.LL_RCC_ForceBackupDomainReset
                0x08003856       0x22 ./Drivers/STM32WBxx_HAL_Driver/Src/stm32wbxx_hal_rcc_ex.o
 .text.LL_RCC_ReleaseBackupDomainReset
                0x08003878       0x22 ./Drivers/STM32WBxx_HAL_Driver/Src/stm32wbxx_hal_rcc_ex.o
 .text.LL_RCC_PLLSAI1_Enable
                0x0800389a       0x1e ./Drivers/STM32WBxx_HAL_Driver/Src/stm32wbxx_hal_rcc_ex.o
 .text.LL_RCC_PLLSAI1_Disable
                0x080038b8       0x1e ./Drivers/STM32WBxx_HAL_Driver/Src/stm32wbxx_hal_rcc_ex.o
 .text.LL_RCC_PLLSAI1_IsReady
                0x080038d6       0x24 ./Drivers/STM32WBxx_HAL_Driver/Src/stm32wbxx_hal_rcc_ex.o
 .text.HAL_RCCEx_PeriphCLKConfig
                0x080038fa      0x2ec ./Drivers/STM32WBxx_HAL_Driver/Src/stm32wbxx_hal_rcc_ex.o
                0x080038fa                HAL_RCCEx_PeriphCLKConfig
 .text.RCCEx_PLLSAI1_ConfigNP
                0x08003be6       0xb6 ./Drivers/STM32WBxx_HAL_Driver/Src/stm32wbxx_hal_rcc_ex.o
 .text.RCCEx_PLLSAI1_ConfigNQ
                0x08003c9c       0xb6 ./Drivers/STM32WBxx_HAL_Driver/Src/stm32wbxx_hal_rcc_ex.o
 .text.RCCEx_PLLSAI1_ConfigNR
                0x08003d52       0xb6 ./Drivers/STM32WBxx_HAL_Driver/Src/stm32wbxx_hal_rcc_ex.o
 .text.HAL_RTC_Init
                0x08003e08      0x110 ./Drivers/STM32WBxx_HAL_Driver/Src/stm32wbxx_hal_rtc.o
                0x08003e08                HAL_RTC_Init
 .text.HAL_RTC_WaitForSynchro
                0x08003f18       0x4c ./Drivers/STM32WBxx_HAL_Driver/Src/stm32wbxx_hal_rtc.o
                0x08003f18                HAL_RTC_WaitForSynchro
 .text.RTC_EnterInitMode
                0x08003f64       0x70 ./Drivers/STM32WBxx_HAL_Driver/Src/stm32wbxx_hal_rtc.o
                0x08003f64                RTC_EnterInitMode
 .text.RTC_ExitInitMode
                0x08003fd4       0x4c ./Drivers/STM32WBxx_HAL_Driver/Src/stm32wbxx_hal_rtc.o
                0x08003fd4                RTC_ExitInitMode
 .text.HAL_RTCEx_SetWakeUpTimer_IT
                0x08004020      0x198 ./Drivers/STM32WBxx_HAL_Driver/Src/stm32wbxx_hal_rtc_ex.o
                0x08004020                HAL_RTCEx_SetWakeUpTimer_IT
 .text.aci_gap_set_non_discoverable
                0x080041b8       0x48 ./Middlewares/ST/STM32_WPAN/ble/core/auto/ble_gap_aci.o
                0x080041b8                aci_gap_set_non_discoverable
 .text.aci_gap_set_discoverable
                0x08004200      0x1f4 ./Middlewares/ST/STM32_WPAN/ble/core/auto/ble_gap_aci.o
                0x08004200                aci_gap_set_discoverable
 .text.aci_gap_set_io_capability
                0x080043f4       0xa8 ./Middlewares/ST/STM32_WPAN/ble/core/auto/ble_gap_aci.o
                0x080043f4                aci_gap_set_io_capability
 .text.aci_gap_set_authentication_requirement
                0x0800449c      0x188 ./Middlewares/ST/STM32_WPAN/ble/core/auto/ble_gap_aci.o
                0x0800449c                aci_gap_set_authentication_requirement
 .text.aci_gap_pass_key_resp
                0x08004624       0xce ./Middlewares/ST/STM32_WPAN/ble/core/auto/ble_gap_aci.o
                0x08004624                aci_gap_pass_key_resp
 .text.aci_gap_init
                0x080046f2      0x15a ./Middlewares/ST/STM32_WPAN/ble/core/auto/ble_gap_aci.o
                0x080046f2                aci_gap_init
 .text.aci_gap_update_adv_data
                0x0800484c       0xe4 ./Middlewares/ST/STM32_WPAN/ble/core/auto/ble_gap_aci.o
                0x0800484c                aci_gap_update_adv_data
 .text.aci_gap_configure_filter_accept_list
                0x08004930       0x48 ./Middlewares/ST/STM32_WPAN/ble/core/auto/ble_gap_aci.o
                0x08004930                aci_gap_configure_filter_accept_list
 .text.aci_gap_numeric_comparison_value_confirm_yesno
                0x08004978       0xce ./Middlewares/ST/STM32_WPAN/ble/core/auto/ble_gap_aci.o
                0x08004978                aci_gap_numeric_comparison_value_confirm_yesno
 .text.aci_gatt_init
                0x08004a46       0x4a ./Middlewares/ST/STM32_WPAN/ble/core/auto/ble_gatt_aci.o
                0x08004a46                aci_gatt_init
 .text.aci_gatt_add_service
                0x08004a90      0x1ac ./Middlewares/ST/STM32_WPAN/ble/core/auto/ble_gatt_aci.o
                0x08004a90                aci_gatt_add_service
 .text.aci_gatt_add_char
                0x08004c3c      0x210 ./Middlewares/ST/STM32_WPAN/ble/core/auto/ble_gatt_aci.o
                0x08004c3c                aci_gatt_add_char
 .text.aci_gatt_update_char_value
                0x08004e4c      0x152 ./Middlewares/ST/STM32_WPAN/ble/core/auto/ble_gatt_aci.o
                0x08004e4c                aci_gatt_update_char_value
 .text.aci_gatt_confirm_indication
                0x08004f9e       0xaa ./Middlewares/ST/STM32_WPAN/ble/core/auto/ble_gatt_aci.o
                0x08004f9e                aci_gatt_confirm_indication
 .text.aci_hal_write_config_data
                0x08005048      0x10a ./Middlewares/ST/STM32_WPAN/ble/core/auto/ble_hal_aci.o
                0x08005048                aci_hal_write_config_data
 .text.aci_hal_set_tx_power_level
                0x08005152       0xce ./Middlewares/ST/STM32_WPAN/ble/core/auto/ble_hal_aci.o
                0x08005152                aci_hal_set_tx_power_level
 .text.aci_hal_set_radio_activity_mask
                0x08005220       0xa8 ./Middlewares/ST/STM32_WPAN/ble/core/auto/ble_hal_aci.o
                0x08005220                aci_hal_set_radio_activity_mask
 .text.hci_reset
                0x080052c8       0x48 ./Middlewares/ST/STM32_WPAN/ble/core/auto/ble_hci_le.o
                0x080052c8                hci_reset
 .text.hci_le_set_default_phy
                0x08005310       0xfa ./Middlewares/ST/STM32_WPAN/ble/core/auto/ble_hci_le.o
                0x08005310                hci_le_set_default_phy
 .text.Osal_MemCpy
                0x0800540a       0x20 ./Middlewares/ST/STM32_WPAN/ble/core/template/osal.o
                0x0800540a                Osal_MemCpy
 .text.Osal_MemSet
                0x0800542a       0x20 ./Middlewares/ST/STM32_WPAN/ble/core/template/osal.o
                0x0800542a                Osal_MemSet
 .text.BAS_Init
                0x0800544a        0xe ./Middlewares/ST/STM32_WPAN/ble/svc/Src/svc_ctl.o
                0x0800544a                BAS_Init
 .text.BLS_Init
                0x08005458        0xe ./Middlewares/ST/STM32_WPAN/ble/svc/Src/svc_ctl.o
                0x08005458                BLS_Init
 .text.CRS_STM_Init
                0x08005466        0xe ./Middlewares/ST/STM32_WPAN/ble/svc/Src/svc_ctl.o
                0x08005466                CRS_STM_Init
 .text.DIS_Init
                0x08005474        0xe ./Middlewares/ST/STM32_WPAN/ble/svc/Src/svc_ctl.o
                0x08005474                DIS_Init
 .text.EDS_STM_Init
                0x08005482        0xe ./Middlewares/ST/STM32_WPAN/ble/svc/Src/svc_ctl.o
                0x08005482                EDS_STM_Init
 .text.HIDS_Init
                0x08005490        0xe ./Middlewares/ST/STM32_WPAN/ble/svc/Src/svc_ctl.o
                0x08005490                HIDS_Init
 .text.HRS_Init
                0x0800549e        0xe ./Middlewares/ST/STM32_WPAN/ble/svc/Src/svc_ctl.o
                0x0800549e                HRS_Init
 .text.HTS_Init
                0x080054ac        0xe ./Middlewares/ST/STM32_WPAN/ble/svc/Src/svc_ctl.o
                0x080054ac                HTS_Init
 .text.IAS_Init
                0x080054ba        0xe ./Middlewares/ST/STM32_WPAN/ble/svc/Src/svc_ctl.o
                0x080054ba                IAS_Init
 .text.LLS_Init
                0x080054c8        0xe ./Middlewares/ST/STM32_WPAN/ble/svc/Src/svc_ctl.o
                0x080054c8                LLS_Init
 .text.TPS_Init
                0x080054d6        0xe ./Middlewares/ST/STM32_WPAN/ble/svc/Src/svc_ctl.o
                0x080054d6                TPS_Init
 .text.MOTENV_STM_Init
                0x080054e4        0xe ./Middlewares/ST/STM32_WPAN/ble/svc/Src/svc_ctl.o
                0x080054e4                MOTENV_STM_Init
 .text.P2PS_STM_Init
                0x080054f2        0xe ./Middlewares/ST/STM32_WPAN/ble/svc/Src/svc_ctl.o
                0x080054f2                P2PS_STM_Init
 .text.ZDD_STM_Init
                0x08005500        0xe ./Middlewares/ST/STM32_WPAN/ble/svc/Src/svc_ctl.o
                0x08005500                ZDD_STM_Init
 .text.OTAS_STM_Init
                0x0800550e        0xe ./Middlewares/ST/STM32_WPAN/ble/svc/Src/svc_ctl.o
                0x0800550e                OTAS_STM_Init
 .text.MESH_Init
                0x0800551c        0xe ./Middlewares/ST/STM32_WPAN/ble/svc/Src/svc_ctl.o
                0x0800551c                MESH_Init
 .text.BVOPUS_STM_Init
                0x0800552a        0xe ./Middlewares/ST/STM32_WPAN/ble/svc/Src/svc_ctl.o
                0x0800552a                BVOPUS_STM_Init
 .text.SVCCTL_Init
                0x08005538       0x20 ./Middlewares/ST/STM32_WPAN/ble/svc/Src/svc_ctl.o
                0x08005538                SVCCTL_Init
 .text.SVCCTL_SvcInit
                0x08005558       0x50 ./Middlewares/ST/STM32_WPAN/ble/svc/Src/svc_ctl.o
                0x08005558                SVCCTL_SvcInit
 .text.SVCCTL_RegisterSvcHandler
                0x080055a8       0x34 ./Middlewares/ST/STM32_WPAN/ble/svc/Src/svc_ctl.o
                0x080055a8                SVCCTL_RegisterSvcHandler
 .text.SVCCTL_UserEvtRx
                0x080055dc       0xa8 ./Middlewares/ST/STM32_WPAN/ble/svc/Src/svc_ctl.o
                0x080055dc                SVCCTL_UserEvtRx
 .text.SHCI_C2_BLE_Init
                0x08005684       0x2e ./Middlewares/ST/STM32_WPAN/interface/patterns/ble_thread/shci/shci.o
                0x08005684                SHCI_C2_BLE_Init
 .text.SHCI_C2_DEBUG_Init
                0x080056b2       0x2e ./Middlewares/ST/STM32_WPAN/interface/patterns/ble_thread/shci/shci.o
                0x080056b2                SHCI_C2_DEBUG_Init
 .text.SHCI_C2_Config
                0x080056e0       0x2a ./Middlewares/ST/STM32_WPAN/interface/patterns/ble_thread/shci/shci.o
                0x080056e0                SHCI_C2_Config
 *fill*         0x0800570a        0x2 
 .text.SHCI_GetWirelessFwInfo
                0x0800570c      0x15c ./Middlewares/ST/STM32_WPAN/interface/patterns/ble_thread/shci/shci.o
                0x0800570c                SHCI_GetWirelessFwInfo
 .text.hci_init
                0x08005868       0x38 ./Middlewares/ST/STM32_WPAN/interface/patterns/ble_thread/tl/hci_tl.o
                0x08005868                hci_init
 .text.hci_user_evt_proc
                0x080058a0       0x9c ./Middlewares/ST/STM32_WPAN/interface/patterns/ble_thread/tl/hci_tl.o
                0x080058a0                hci_user_evt_proc
 .text.hci_send_req
                0x0800593c      0x108 ./Middlewares/ST/STM32_WPAN/interface/patterns/ble_thread/tl/hci_tl.o
                0x0800593c                hci_send_req
 .text.TlInit   0x08005a44       0x60 ./Middlewares/ST/STM32_WPAN/interface/patterns/ble_thread/tl/hci_tl.o
 .text.SendCmd  0x08005aa4       0x4c ./Middlewares/ST/STM32_WPAN/interface/patterns/ble_thread/tl/hci_tl.o
 .text.NotifyCmdStatus
                0x08005af0       0x40 ./Middlewares/ST/STM32_WPAN/interface/patterns/ble_thread/tl/hci_tl.o
 .text.TlEvtReceived
                0x08005b30       0x48 ./Middlewares/ST/STM32_WPAN/interface/patterns/ble_thread/tl/hci_tl.o
 .text.hci_register_io_bus
                0x08005b78       0x28 ./Middlewares/ST/STM32_WPAN/interface/patterns/ble_thread/tl/hci_tl_if.o
                0x08005b78                hci_register_io_bus
 .text.shci_init
                0x08005ba0       0x38 ./Middlewares/ST/STM32_WPAN/interface/patterns/ble_thread/tl/shci_tl.o
                0x08005ba0                shci_init
 .text.shci_user_evt_proc
                0x08005bd8       0x9c ./Middlewares/ST/STM32_WPAN/interface/patterns/ble_thread/tl/shci_tl.o
                0x08005bd8                shci_user_evt_proc
 .text.shci_send
                0x08005c74       0x84 ./Middlewares/ST/STM32_WPAN/interface/patterns/ble_thread/tl/shci_tl.o
                0x08005c74                shci_send
 .text.TlInit   0x08005cf8       0x64 ./Middlewares/ST/STM32_WPAN/interface/patterns/ble_thread/tl/shci_tl.o
 .text.Cmd_SetStatus
                0x08005d5c       0x50 ./Middlewares/ST/STM32_WPAN/interface/patterns/ble_thread/tl/shci_tl.o
 .text.TlCmdEvtReceived
                0x08005dac       0x16 ./Middlewares/ST/STM32_WPAN/interface/patterns/ble_thread/tl/shci_tl.o
 *fill*         0x08005dc2        0x2 
 .text.TlUserEvtReceived
                0x08005dc4       0x24 ./Middlewares/ST/STM32_WPAN/interface/patterns/ble_thread/tl/shci_tl.o
 .text.shci_register_io_bus
                0x08005de8       0x28 ./Middlewares/ST/STM32_WPAN/interface/patterns/ble_thread/tl/shci_tl_if.o
                0x08005de8                shci_register_io_bus
 .text.TL_Enable
                0x08005e10        0xc ./Middlewares/ST/STM32_WPAN/interface/patterns/ble_thread/tl/tl_mbox.o
                0x08005e10                TL_Enable
 .text.TL_Init  0x08005e1c       0x74 ./Middlewares/ST/STM32_WPAN/interface/patterns/ble_thread/tl/tl_mbox.o
                0x08005e1c                TL_Init
 .text.TL_BLE_Init
                0x08005e90       0x68 ./Middlewares/ST/STM32_WPAN/interface/patterns/ble_thread/tl/tl_mbox.o
                0x08005e90                TL_BLE_Init
 .text.TL_BLE_SendCmd
                0x08005ef8       0x38 ./Middlewares/ST/STM32_WPAN/interface/patterns/ble_thread/tl/tl_mbox.o
                0x08005ef8                TL_BLE_SendCmd
 .text.HW_IPCC_BLE_RxEvtNot
                0x08005f30       0x60 ./Middlewares/ST/STM32_WPAN/interface/patterns/ble_thread/tl/tl_mbox.o
                0x08005f30                HW_IPCC_BLE_RxEvtNot
 .text.HW_IPCC_BLE_AclDataAckNot
                0x08005f90       0x1c ./Middlewares/ST/STM32_WPAN/interface/patterns/ble_thread/tl/tl_mbox.o
                0x08005f90                HW_IPCC_BLE_AclDataAckNot
 .text.TL_SYS_Init
                0x08005fac       0x54 ./Middlewares/ST/STM32_WPAN/interface/patterns/ble_thread/tl/tl_mbox.o
                0x08005fac                TL_SYS_Init
 .text.TL_SYS_SendCmd
                0x08006000       0x38 ./Middlewares/ST/STM32_WPAN/interface/patterns/ble_thread/tl/tl_mbox.o
                0x08006000                TL_SYS_SendCmd
 .text.HW_IPCC_SYS_CmdEvtNot
                0x08006038       0x2c ./Middlewares/ST/STM32_WPAN/interface/patterns/ble_thread/tl/tl_mbox.o
                0x08006038                HW_IPCC_SYS_CmdEvtNot
 .text.HW_IPCC_SYS_EvtNot
                0x08006064       0x44 ./Middlewares/ST/STM32_WPAN/interface/patterns/ble_thread/tl/tl_mbox.o
                0x08006064                HW_IPCC_SYS_EvtNot
 .text.TL_MM_Init
                0x080060a8       0x78 ./Middlewares/ST/STM32_WPAN/interface/patterns/ble_thread/tl/tl_mbox.o
                0x080060a8                TL_MM_Init
 .text.TL_MM_EvtDone
                0x08006120       0x30 ./Middlewares/ST/STM32_WPAN/interface/patterns/ble_thread/tl/tl_mbox.o
                0x08006120                TL_MM_EvtDone
 .text.SendFreeBuf
                0x08006150       0x40 ./Middlewares/ST/STM32_WPAN/interface/patterns/ble_thread/tl/tl_mbox.o
 .text.TL_TRACES_Init
                0x08006190       0x24 ./Middlewares/ST/STM32_WPAN/interface/patterns/ble_thread/tl/tl_mbox.o
                0x08006190                TL_TRACES_Init
 .text.HW_IPCC_TRACES_EvtNot
                0x080061b4       0x34 ./Middlewares/ST/STM32_WPAN/interface/patterns/ble_thread/tl/tl_mbox.o
                0x080061b4                HW_IPCC_TRACES_EvtNot
 .text.TL_TRACES_EvtReceived
                0x080061e8       0x14 ./Middlewares/ST/STM32_WPAN/interface/patterns/ble_thread/tl/tl_mbox.o
                0x080061e8                TL_TRACES_EvtReceived
 .text.OutputDbgTrace
                0x080061fc       0xbc ./Middlewares/ST/STM32_WPAN/interface/patterns/ble_thread/tl/tl_mbox.o
 .text.OTP_Read
                0x080062b8       0x50 ./Middlewares/ST/STM32_WPAN/utilities/otp.o
                0x080062b8                OTP_Read
 .text.LST_init_head
                0x08006308       0x20 ./Middlewares/ST/STM32_WPAN/utilities/stm_list.o
                0x08006308                LST_init_head
 .text.LST_is_empty
                0x08006328       0x44 ./Middlewares/ST/STM32_WPAN/utilities/stm_list.o
                0x08006328                LST_is_empty
 .text.LST_insert_head
                0x0800636c       0x4c ./Middlewares/ST/STM32_WPAN/utilities/stm_list.o
                0x0800636c                LST_insert_head
 .text.LST_insert_tail
                0x080063b8       0x4c ./Middlewares/ST/STM32_WPAN/utilities/stm_list.o
                0x080063b8                LST_insert_tail
 .text.LST_remove_node
                0x08006404       0x42 ./Middlewares/ST/STM32_WPAN/utilities/stm_list.o
                0x08006404                LST_remove_node
 .text.LST_remove_head
                0x08006446       0x3e ./Middlewares/ST/STM32_WPAN/utilities/stm_list.o
                0x08006446                LST_remove_head
 .text.LL_FLASH_GetUDN
                0x08006484       0x18 ./STM32_WPAN/App/app_ble.o
 .text.LL_FLASH_GetDeviceID
                0x0800649c       0x18 ./STM32_WPAN/App/app_ble.o
 .text.LL_FLASH_GetSTCompanyID
                0x080064b4       0x18 ./STM32_WPAN/App/app_ble.o
 .text.APP_BLE_Init
                0x080064cc       0xb8 ./STM32_WPAN/App/app_ble.o
                0x080064cc                APP_BLE_Init
 .text.SVCCTL_App_Notification
                0x08006584      0x1b8 ./STM32_WPAN/App/app_ble.o
                0x08006584                SVCCTL_App_Notification
 .text.Ble_Tl_Init
                0x0800673c       0x2c ./STM32_WPAN/App/app_ble.o
 .text.Ble_Hci_Gap_Gatt_Init
                0x08006768      0x168 ./STM32_WPAN/App/app_ble.o
 .text.Adv_Request
                0x080068d0       0x60 ./STM32_WPAN/App/app_ble.o
 .text.BleGetBdAddress
                0x08006930       0x88 ./STM32_WPAN/App/app_ble.o
 .text.Adv_Cancel
                0x080069b8       0x34 ./STM32_WPAN/App/app_ble.o
 .text.hci_notify_asynch_evt
                0x080069ec       0x18 ./STM32_WPAN/App/app_ble.o
                0x080069ec                hci_notify_asynch_evt
 .text.hci_cmd_resp_release
                0x08006a04       0x16 ./STM32_WPAN/App/app_ble.o
                0x08006a04                hci_cmd_resp_release
 .text.hci_cmd_resp_wait
                0x08006a1a       0x16 ./STM32_WPAN/App/app_ble.o
                0x08006a1a                hci_cmd_resp_wait
 .text.BLE_UserEvtRx
                0x08006a30       0x38 ./STM32_WPAN/App/app_ble.o
 .text.BLE_StatusNot
                0x08006a68       0x36 ./STM32_WPAN/App/app_ble.o
 *fill*         0x08006a9e        0x2 
 .text.Custom_STM_App_Notification
                0x08006aa0       0xc0 ./STM32_WPAN/App/custom_app.o
                0x08006aa0                Custom_STM_App_Notification
 .text.Custom_APP_Notification
                0x08006b60       0x28 ./STM32_WPAN/App/custom_app.o
                0x08006b60                Custom_APP_Notification
 .text.Custom_APP_Init
                0x08006b88        0xe ./STM32_WPAN/App/custom_app.o
                0x08006b88                Custom_APP_Init
 *fill*         0x08006b96        0x2 
 .text.Custom_APP_Send_Data
                0x08006b98       0x48 ./STM32_WPAN/App/custom_app.o
                0x08006b98                Custom_APP_Send_Data
 .text.Custom_APP_Send_Position
                0x08006be0       0x4a ./STM32_WPAN/App/custom_app.o
                0x08006be0                Custom_APP_Send_Position
 *fill*         0x08006c2a        0x2 
 .text.Custom_STM_Event_Handler
                0x08006c2c      0x1a0 ./STM32_WPAN/App/custom_stm.o
 .text.SVCCTL_InitCustomSvc
                0x08006dcc      0x160 ./STM32_WPAN/App/custom_stm.o
                0x08006dcc                SVCCTL_InitCustomSvc
 .text.Custom_STM_App_Update_Char_Variable_Length
                0x08006f2c       0x68 ./STM32_WPAN/App/custom_stm.o
                0x08006f2c                Custom_STM_App_Update_Char_Variable_Length
 .text.LL_PWR_EnableBootC2
                0x08006f94       0x20 ./STM32_WPAN/Target/hw_ipcc.o
 .text.LL_C2_EXTI_EnableEvent_32_63
                0x08006fb4       0x28 ./STM32_WPAN/Target/hw_ipcc.o
 .text.LL_EXTI_EnableRisingTrig_32_63
                0x08006fdc       0x24 ./STM32_WPAN/Target/hw_ipcc.o
 .text.LL_AHB3_GRP1_EnableClock
                0x08007000       0x32 ./STM32_WPAN/Target/hw_ipcc.o
 .text.LL_C2_AHB3_GRP1_EnableClock
                0x08007032       0x38 ./STM32_WPAN/Target/hw_ipcc.o
 .text.LL_C1_IPCC_EnableIT_TXF
                0x0800706a       0x20 ./STM32_WPAN/Target/hw_ipcc.o
 .text.LL_C1_IPCC_EnableIT_RXO
                0x0800708a       0x20 ./STM32_WPAN/Target/hw_ipcc.o
 .text.LL_C1_IPCC_EnableTransmitChannel
                0x080070aa       0x26 ./STM32_WPAN/Target/hw_ipcc.o
 .text.LL_C1_IPCC_DisableTransmitChannel
                0x080070d0       0x24 ./STM32_WPAN/Target/hw_ipcc.o
 .text.LL_C1_IPCC_EnableReceiveChannel
                0x080070f4       0x24 ./STM32_WPAN/Target/hw_ipcc.o
 .text.LL_C1_IPCC_ClearFlag_CHx
                0x08007118       0x1c ./STM32_WPAN/Target/hw_ipcc.o
 .text.LL_C1_IPCC_SetFlag_CHx
                0x08007134       0x1e ./STM32_WPAN/Target/hw_ipcc.o
 .text.LL_C1_IPCC_IsActiveFlag_CHx
                0x08007152       0x2a ./STM32_WPAN/Target/hw_ipcc.o
 .text.LL_C2_IPCC_IsActiveFlag_CHx
                0x0800717c       0x2a ./STM32_WPAN/Target/hw_ipcc.o
 *fill*         0x080071a6        0x2 
 .text.HW_IPCC_Rx_Handler
                0x080071a8       0x6c ./STM32_WPAN/Target/hw_ipcc.o
                0x080071a8                HW_IPCC_Rx_Handler
 .text.HW_IPCC_Tx_Handler
                0x08007214       0x6c ./STM32_WPAN/Target/hw_ipcc.o
                0x08007214                HW_IPCC_Tx_Handler
 .text.HW_IPCC_Enable
                0x08007280       0x28 ./STM32_WPAN/Target/hw_ipcc.o
                0x08007280                HW_IPCC_Enable
 .text.HW_IPCC_Init
                0x080072a8       0x2c ./STM32_WPAN/Target/hw_ipcc.o
                0x080072a8                HW_IPCC_Init
 .text.HW_IPCC_BLE_Init
                0x080072d4       0x34 ./STM32_WPAN/Target/hw_ipcc.o
                0x080072d4                HW_IPCC_BLE_Init
 .text.HW_IPCC_BLE_SendCmd
                0x08007308       0x14 ./STM32_WPAN/Target/hw_ipcc.o
                0x08007308                HW_IPCC_BLE_SendCmd
 .text.HW_IPCC_BLE_EvtHandler
                0x0800731c       0x18 ./STM32_WPAN/Target/hw_ipcc.o
 .text.HW_IPCC_BLE_AclDataEvtHandler
                0x08007334       0x38 ./STM32_WPAN/Target/hw_ipcc.o
 .text.HW_IPCC_SYS_Init
                0x0800736c       0x34 ./STM32_WPAN/Target/hw_ipcc.o
                0x0800736c                HW_IPCC_SYS_Init
 .text.HW_IPCC_SYS_SendCmd
                0x080073a0       0x3c ./STM32_WPAN/Target/hw_ipcc.o
                0x080073a0                HW_IPCC_SYS_SendCmd
 .text.HW_IPCC_SYS_CmdEvtHandler
                0x080073dc       0x38 ./STM32_WPAN/Target/hw_ipcc.o
 .text.HW_IPCC_SYS_EvtHandler
                0x08007414       0x18 ./STM32_WPAN/Target/hw_ipcc.o
 .text.HW_IPCC_MM_SendFreeBuf
                0x0800742c       0x5c ./STM32_WPAN/Target/hw_ipcc.o
                0x0800742c                HW_IPCC_MM_SendFreeBuf
 .text.HW_IPCC_MM_FreeBufHandler
                0x08007488       0x48 ./STM32_WPAN/Target/hw_ipcc.o
 .text.HW_IPCC_TRACES_Init
                0x080074d0       0x34 ./STM32_WPAN/Target/hw_ipcc.o
                0x080074d0                HW_IPCC_TRACES_Init
 .text.HW_IPCC_TRACES_EvtHandler
                0x08007504       0x18 ./STM32_WPAN/Target/hw_ipcc.o
 .text.UTIL_LPM_Init
                0x0800751c       0x24 ./Utilities/lpm/tiny_lpm/stm32_lpm.o
                0x0800751c                UTIL_LPM_Init
 .text.UTIL_LPM_SetOffMode
                0x08007540       0x60 ./Utilities/lpm/tiny_lpm/stm32_lpm.o
                0x08007540                UTIL_LPM_SetOffMode
 .text.UTIL_SEQ_Run
                0x080075a0      0x304 ./Utilities/sequencer/stm32_seq.o
                0x080075a0                UTIL_SEQ_Run
 .text.UTIL_SEQ_RegTask
                0x080078a4       0x44 ./Utilities/sequencer/stm32_seq.o
                0x080078a4                UTIL_SEQ_RegTask
 .text.UTIL_SEQ_SetTask
                0x080078e8       0x58 ./Utilities/sequencer/stm32_seq.o
                0x080078e8                UTIL_SEQ_SetTask
 .text.UTIL_SEQ_PauseTask
                0x08007940       0x40 ./Utilities/sequencer/stm32_seq.o
                0x08007940                UTIL_SEQ_PauseTask
 .text.UTIL_SEQ_ResumeTask
                0x08007980       0x40 ./Utilities/sequencer/stm32_seq.o
                0x08007980                UTIL_SEQ_ResumeTask
 .text.UTIL_SEQ_SetEvt
                0x080079c0       0x40 ./Utilities/sequencer/stm32_seq.o
                0x080079c0                UTIL_SEQ_SetEvt
 .text.UTIL_SEQ_WaitEvt
                0x08007a00       0x94 ./Utilities/sequencer/stm32_seq.o
                0x08007a00                UTIL_SEQ_WaitEvt
 .text.UTIL_SEQ_EvtIdle
                0x08007a94       0x1c ./Utilities/sequencer/stm32_seq.o
                0x08007a94                UTIL_SEQ_EvtIdle
 .text.UTIL_SEQ_PreIdle
                0x08007ab0        0xe ./Utilities/sequencer/stm32_seq.o
                0x08007ab0                UTIL_SEQ_PreIdle
 .text.UTIL_SEQ_PostIdle
                0x08007abe        0xe ./Utilities/sequencer/stm32_seq.o
                0x08007abe                UTIL_SEQ_PostIdle
 .text.UTIL_SEQ_PreTask
                0x08007acc       0x14 ./Utilities/sequencer/stm32_seq.o
                0x08007acc                UTIL_SEQ_PreTask
 .text.UTIL_SEQ_PostTask
                0x08007ae0       0x14 ./Utilities/sequencer/stm32_seq.o
                0x08007ae0                UTIL_SEQ_PostTask
 .text.UTIL_SEQ_CatchWarning
                0x08007af4       0x16 ./Utilities/sequencer/stm32_seq.o
                0x08007af4                UTIL_SEQ_CatchWarning
 .text.SEQ_BitPosition
                0x08007b0a       0x30 ./Utilities/sequencer/stm32_seq.o
                0x08007b0a                SEQ_BitPosition
 .text.memcmp   0x08007b3a       0x20 C:/ST/STM32CubeIDE_1.19.0/STM32CubeIDE/plugins/com.st.stm32cube.ide.mcu.externaltools.gnu-tools-for-stm32.13.3.rel1.win32_1.0.0.202411081344/tools/bin/../lib/gcc/arm-none-eabi/13.3.1/../../../../arm-none-eabi/lib/thumb/v7e-m+fp/hard\libc_nano.a(libc_a-memcmp.o)
                0x08007b3a                memcmp
 .text.memset   0x08007b5a       0x10 C:/ST/STM32CubeIDE_1.19.0/STM32CubeIDE/plugins/com.st.stm32cube.ide.mcu.externaltools.gnu-tools-for-stm32.13.3.rel1.win32_1.0.0.202411081344/tools/bin/../lib/gcc/arm-none-eabi/13.3.1/../../../../arm-none-eabi/lib/thumb/v7e-m+fp/hard\libc_nano.a(libc_a-memset.o)
                0x08007b5a                memset
 *fill*         0x08007b6a        0x2 
 .text.__libc_init_array
                0x08007b6c       0x48 C:/ST/STM32CubeIDE_1.19.0/STM32CubeIDE/plugins/com.st.stm32cube.ide.mcu.externaltools.gnu-tools-for-stm32.13.3.rel1.win32_1.0.0.202411081344/tools/bin/../lib/gcc/arm-none-eabi/13.3.1/../../../../arm-none-eabi/lib/thumb/v7e-m+fp/hard\libc_nano.a(libc_a-init.o)
                0x08007b6c                __libc_init_array
 .text.memcpy   0x08007bb4       0x1c C:/ST/STM32CubeIDE_1.19.0/STM32CubeIDE/plugins/com.st.stm32cube.ide.mcu.externaltools.gnu-tools-for-stm32.13.3.rel1.win32_1.0.0.202411081344/tools/bin/../lib/gcc/arm-none-eabi/13.3.1/../../../../arm-none-eabi/lib/thumb/v7e-m+fp/hard\libc_nano.a(libc_a-memcpy-stub.o)
                0x08007bb4                memcpy
 .text.cosf     0x08007bd0       0x88 C:/ST/STM32CubeIDE_1.19.0/STM32CubeIDE/plugins/com.st.stm32cube.ide.mcu.externaltools.gnu-tools-for-stm32.13.3.rel1.win32_1.0.0.202411081344/tools/bin/../lib/gcc/arm-none-eabi/13.3.1/../../../../arm-none-eabi/lib/thumb/v7e-m+fp/hard\libm.a(libm_a-sf_cos.o)
                0x08007bd0                cosf
 .text.sinf     0x08007c58       0x8c C:/ST/STM32CubeIDE_1.19.0/STM32CubeIDE/plugins/com.st.stm32cube.ide.mcu.externaltools.gnu-tools-for-stm32.13.3.rel1.win32_1.0.0.202411081344/tools/bin/../lib/gcc/arm-none-eabi/13.3.1/../../../../arm-none-eabi/lib/thumb/v7e-m+fp/hard\libm.a(libm_a-sf_sin.o)
                0x08007c58                sinf
 .text.__kernel_cosf
                0x08007ce4       0xb0 C:/ST/STM32CubeIDE_1.19.0/STM32CubeIDE/plugins/com.st.stm32cube.ide.mcu.externaltools.gnu-tools-for-stm32.13.3.rel1.win32_1.0.0.202411081344/tools/bin/../lib/gcc/arm-none-eabi/13.3.1/../../../../arm-none-eabi/lib/thumb/v7e-m+fp/hard\libm.a(libm_a-kf_cos.o)
                0x08007ce4                __kernel_cosf
 .text.__kernel_sinf
                0x08007d94       0x90 C:/ST/STM32CubeIDE_1.19.0/STM32CubeIDE/plugins/com.st.stm32cube.ide.mcu.externaltools.gnu-tools-for-stm32.13.3.rel1.win32_1.0.0.202411081344/tools/bin/../lib/gcc/arm-none-eabi/13.3.1/../../../../arm-none-eabi/lib/thumb/v7e-m+fp/hard\libm.a(libm_a-kf_sin.o)
                0x08007d94                __kernel_sinf
 .text.__ieee754_rem_pio2f
                0x08007e24      0x260 C:/ST/STM32CubeIDE_1.19.0/STM32CubeIDE/plugins/com.st.stm32cube.ide.mcu.externaltools.gnu-tools-for-stm32.13.3.rel1.win32_1.0.0.202411081344/tools/bin/../lib/gcc/arm-none-eabi/13.3.1/../../../../arm-none-eabi/lib/thumb/v7e-m+fp/hard\libm.a(libm_a-ef_rem_pio2.o)
                0x08007e24                __ieee754_rem_pio2f
 .text.fabsf    0x08008084        0xe C:/ST/STM32CubeIDE_1.19.0/STM32CubeIDE/plugins/com.st.stm32cube.ide.mcu.externaltools.gnu-tools-for-stm32.13.3.rel1.win32_1.0.0.202411081344/tools/bin/../lib/gcc/arm-none-eabi/13.3.1/../../../../arm-none-eabi/lib/thumb/v7e-m+fp/hard\libm.a(libm_a-sf_fabs.o)
                0x08008084                fabsf
 *fill*         0x08008092        0x2 
 .text.__kernel_rem_pio2f
                0x08008094      0x4d0 C:/ST/STM32CubeIDE_1.19.0/STM32CubeIDE/plugins/com.st.stm32cube.ide.mcu.externaltools.gnu-tools-for-stm32.13.3.rel1.win32_1.0.0.202411081344/tools/bin/../lib/gcc/arm-none-eabi/13.3.1/../../../../arm-none-eabi/lib/thumb/v7e-m+fp/hard\libm.a(libm_a-kf_rem_pio2.o)
                0x08008094                __kernel_rem_pio2f
 .text.scalbnf  0x08008564       0xcc C:/ST/STM32CubeIDE_1.19.0/STM32CubeIDE/plugins/com.st.stm32cube.ide.mcu.externaltools.gnu-tools-for-stm32.13.3.rel1.win32_1.0.0.202411081344/tools/bin/../lib/gcc/arm-none-eabi/13.3.1/../../../../arm-none-eabi/lib/thumb/v7e-m+fp/hard\libm.a(libm_a-sf_scalbn.o)
                0x08008564                scalbnf
 .text.floorf   0x08008630       0x88 C:/ST/STM32CubeIDE_1.19.0/STM32CubeIDE/plugins/com.st.stm32cube.ide.mcu.externaltools.gnu-tools-for-stm32.13.3.rel1.win32_1.0.0.202411081344/tools/bin/../lib/gcc/arm-none-eabi/13.3.1/../../../../arm-none-eabi/lib/thumb/v7e-m+fp/hard\libm.a(libm_a-sf_floor.o)
                0x08008630                floorf
 *(.glue_7)
 .glue_7        0x080086b8        0x0 linker stubs
 *(.glue_7t)
 .glue_7t       0x080086b8        0x0 linker stubs
 *(.eh_frame)
 .eh_frame      0x080086b8        0x0 C:/ST/STM32CubeIDE_1.19.0/STM32CubeIDE/plugins/com.st.stm32cube.ide.mcu.externaltools.gnu-tools-for-stm32.13.3.rel1.win32_1.0.0.202411081344/tools/bin/../lib/gcc/arm-none-eabi/13.3.1/thumb/v7e-m+fp/hard/crtbegin.o
 *(.init)
 .init          0x080086b8        0x4 C:/ST/STM32CubeIDE_1.19.0/STM32CubeIDE/plugins/com.st.stm32cube.ide.mcu.externaltools.gnu-tools-for-stm32.13.3.rel1.win32_1.0.0.202411081344/tools/bin/../lib/gcc/arm-none-eabi/13.3.1/thumb/v7e-m+fp/hard/crti.o
                0x080086b8                _init
 .init          0x080086bc        0x8 C:/ST/STM32CubeIDE_1.19.0/STM32CubeIDE/plugins/com.st.stm32cube.ide.mcu.externaltools.gnu-tools-for-stm32.13.3.rel1.win32_1.0.0.202411081344/tools/bin/../lib/gcc/arm-none-eabi/13.3.1/thumb/v7e-m+fp/hard/crtn.o
 *(.fini)
 .fini          0x080086c4        0x4 C:/ST/STM32CubeIDE_1.19.0/STM32CubeIDE/plugins/com.st.stm32cube.ide.mcu.externaltools.gnu-tools-for-stm32.13.3.rel1.win32_1.0.0.202411081344/tools/bin/../lib/gcc/arm-none-eabi/13.3.1/thumb/v7e-m+fp/hard/crti.o
                0x080086c4                _fini
 .fini          0x080086c8        0x8 C:/ST/STM32CubeIDE_1.19.0/STM32CubeIDE/plugins/com.st.stm32cube.ide.mcu.externaltools.gnu-tools-for-stm32.13.3.rel1.win32_1.0.0.202411081344/tools/bin/../lib/gcc/arm-none-eabi/13.3.1/thumb/v7e-m+fp/hard/crtn.o
                0x080086d0                        . = ALIGN (0x4)
                0x080086d0                        _etext = .

.vfp11_veneer   0x080086d0        0x0
 .vfp11_veneer  0x080086d0        0x0 linker stubs

.v4_bx          0x080086d0        0x0
 .v4_bx         0x080086d0        0x0 linker stubs

.iplt           0x080086d0        0x0
 .iplt          0x080086d0        0x0 C:/ST/STM32CubeIDE_1.19.0/STM32CubeIDE/plugins/com.st.stm32cube.ide.mcu.externaltools.gnu-tools-for-stm32.13.3.rel1.win32_1.0.0.202411081344/tools/bin/../lib/gcc/arm-none-eabi/13.3.1/thumb/v7e-m+fp/hard/crtbegin.o

.rodata         0x080086d0      0x644
                0x080086d0                        . = ALIGN (0x4)
 *(.rodata)
 .rodata        0x080086d0       0x1b ./Core/Src/app_debug.o
 *fill*         0x080086eb        0x1 
 .rodata        0x080086ec        0xa ./Core/Src/main.o
 *fill*         0x080086f6        0x2 
 .rodata        0x080086f8       0x2c ./Drivers/STM32WBxx_HAL_Driver/Src/stm32wbxx_hal_rcc.o
 .rodata        0x08008724       0x45 ./STM32_WPAN/App/app_ble.o
 *(.rodata*)
 *fill*         0x08008769        0x3 
 .rodata.aGpioConfigList
                0x0800876c      0x130 ./Core/Src/app_debug.o
 .rodata.AHBPrescTable
                0x0800889c       0x40 ./Core/Src/system_stm32wbxx.o
                0x0800889c                AHBPrescTable
 .rodata.MSIRangeTable
                0x080088dc       0x40 ./Core/Src/system_stm32wbxx.o
                0x080088dc                MSIRangeTable
 .rodata.a_MBdAddr
                0x0800891c        0x6 ./STM32_WPAN/App/app_ble.o
 *fill*         0x08008922        0x2 
 .rodata.a_BLE_CfgIrValue
                0x08008924       0x10 ./STM32_WPAN/App/app_ble.o
 .rodata.a_BLE_CfgErValue
                0x08008934       0x10 ./STM32_WPAN/App/app_ble.o
 .rodata.npio2_hw
                0x08008944       0x80 C:/ST/STM32CubeIDE_1.19.0/STM32CubeIDE/plugins/com.st.stm32cube.ide.mcu.externaltools.gnu-tools-for-stm32.13.3.rel1.win32_1.0.0.202411081344/tools/bin/../lib/gcc/arm-none-eabi/13.3.1/../../../../arm-none-eabi/lib/thumb/v7e-m+fp/hard\libm.a(libm_a-ef_rem_pio2.o)
 .rodata.two_over_pi
                0x080089c4      0x318 C:/ST/STM32CubeIDE_1.19.0/STM32CubeIDE/plugins/com.st.stm32cube.ide.mcu.externaltools.gnu-tools-for-stm32.13.3.rel1.win32_1.0.0.202411081344/tools/bin/../lib/gcc/arm-none-eabi/13.3.1/../../../../arm-none-eabi/lib/thumb/v7e-m+fp/hard\libm.a(libm_a-ef_rem_pio2.o)
 .rodata.PIo2   0x08008cdc       0x2c C:/ST/STM32CubeIDE_1.19.0/STM32CubeIDE/plugins/com.st.stm32cube.ide.mcu.externaltools.gnu-tools-for-stm32.13.3.rel1.win32_1.0.0.202411081344/tools/bin/../lib/gcc/arm-none-eabi/13.3.1/../../../../arm-none-eabi/lib/thumb/v7e-m+fp/hard\libm.a(libm_a-kf_rem_pio2.o)
 .rodata.init_jk
                0x08008d08        0xc C:/ST/STM32CubeIDE_1.19.0/STM32CubeIDE/plugins/com.st.stm32cube.ide.mcu.externaltools.gnu-tools-for-stm32.13.3.rel1.win32_1.0.0.202411081344/tools/bin/../lib/gcc/arm-none-eabi/13.3.1/../../../../arm-none-eabi/lib/thumb/v7e-m+fp/hard\libm.a(libm_a-kf_rem_pio2.o)
                0x08008d14                        . = ALIGN (0x4)

.ARM.extab
 *(.ARM.extab* .gnu.linkonce.armextab.*)

.ARM            0x08008d14        0x8
                0x08008d14                        __exidx_start = .
 *(.ARM.exidx*)
 .ARM.exidx     0x08008d14        0x8 C:/ST/STM32CubeIDE_1.19.0/STM32CubeIDE/plugins/com.st.stm32cube.ide.mcu.externaltools.gnu-tools-for-stm32.13.3.rel1.win32_1.0.0.202411081344/tools/bin/../lib/gcc/arm-none-eabi/13.3.1/../../../../arm-none-eabi/lib/thumb/v7e-m+fp/hard\libc_nano.a(libc_a-strlen.o)
                0x08008d1c                        __exidx_end = .

.preinit_array  0x08008d1c        0x0
                0x08008d1c                        PROVIDE (__preinit_array_start = .)
 *(.preinit_array*)
                0x08008d1c                        PROVIDE (__preinit_array_end = .)

.init_array     0x08008d1c        0x4
                0x08008d1c                        PROVIDE (__init_array_start = .)
 *(SORT_BY_NAME(.init_array.*))
 *(.init_array*)
 .init_array    0x08008d1c        0x4 C:/ST/STM32CubeIDE_1.19.0/STM32CubeIDE/plugins/com.st.stm32cube.ide.mcu.externaltools.gnu-tools-for-stm32.13.3.rel1.win32_1.0.0.202411081344/tools/bin/../lib/gcc/arm-none-eabi/13.3.1/thumb/v7e-m+fp/hard/crtbegin.o
                0x08008d20                        PROVIDE (__init_array_end = .)

.fini_array     0x08008d20        0x4
                [!provide]                        PROVIDE (__fini_array_start = .)
 *(SORT_BY_NAME(.fini_array.*))
 *(.fini_array*)
 .fini_array    0x08008d20        0x4 C:/ST/STM32CubeIDE_1.19.0/STM32CubeIDE/plugins/com.st.stm32cube.ide.mcu.externaltools.gnu-tools-for-stm32.13.3.rel1.win32_1.0.0.202411081344/tools/bin/../lib/gcc/arm-none-eabi/13.3.1/thumb/v7e-m+fp/hard/crtbegin.o
                [!provide]                        PROVIDE (__fini_array_end = .)
                0x08008d24                        _sidata = LOADADDR (.data)

.rel.dyn        0x08008d24        0x0
 .rel.iplt      0x08008d24        0x0 C:/ST/STM32CubeIDE_1.19.0/STM32CubeIDE/plugins/com.st.stm32cube.ide.mcu.externaltools.gnu-tools-for-stm32.13.3.rel1.win32_1.0.0.202411081344/tools/bin/../lib/gcc/arm-none-eabi/13.3.1/thumb/v7e-m+fp/hard/crtbegin.o

.data           0x20000008       0x24 load address 0x08008d24
                0x20000008                        . = ALIGN (0x4)
                0x20000008                        _sdata = .
 *(.data)
 *(.data*)
 .data.SystemCoreClock
                0x20000008        0x4 ./Core/Src/system_stm32wbxx.o
                0x20000008                SystemCoreClock
 .data.uwTickPrio
                0x2000000c        0x4 ./Drivers/STM32WBxx_HAL_Driver/Src/stm32wbxx_hal.o
                0x2000000c                uwTickPrio
 .data.uwTickFreq
                0x20000010        0x1 ./Drivers/STM32WBxx_HAL_Driver/Src/stm32wbxx_hal.o
                0x20000010                uwTickFreq
 *fill*         0x20000011        0x3 
 .data.a_AdvData
                0x20000014        0xa ./STM32_WPAN/App/app_ble.o
                0x20000014                a_AdvData
 .data.SizeCharwrite
                0x2000001e        0x2 ./STM32_WPAN/App/custom_stm.o
                0x2000001e                SizeCharwrite
 .data.SizeCharnotify
                0x20000020        0x2 ./STM32_WPAN/App/custom_stm.o
                0x20000020                SizeCharnotify
 *fill*         0x20000022        0x2 
 .data.TaskMask
                0x20000024        0x4 ./Utilities/sequencer/stm32_seq.o
 .data.SuperMask
                0x20000028        0x4 ./Utilities/sequencer/stm32_seq.o
 *(.RamFunc)
 *(.RamFunc*)
                0x2000002c                        . = ALIGN (0x4)
                0x2000002c                        _edata = .

.igot.plt       0x2000002c        0x0 load address 0x08008d48
 .igot.plt      0x2000002c        0x0 C:/ST/STM32CubeIDE_1.19.0/STM32CubeIDE/plugins/com.st.stm32cube.ide.mcu.externaltools.gnu-tools-for-stm32.13.3.rel1.win32_1.0.0.202411081344/tools/bin/../lib/gcc/arm-none-eabi/13.3.1/thumb/v7e-m+fp/hard/crtbegin.o

BLE_DRIVER_CONTEXT
                0x2000002c       0x35 load address 0x08008d48
 BLE_DRIVER_CONTEXT
                0x2000002c       0x21 ./Middlewares/ST/STM32_WPAN/ble/svc/Src/svc_ctl.o
                0x2000002c                SVCCTL_EvtHandler
                0x2000004c                SVCCTL_CltHandler
 *fill*         0x2000004d        0x3 
 BLE_DRIVER_CONTEXT
                0x20000050       0x11 ./Middlewares/ST/STM32_WPAN/interface/patterns/ble_thread/tl/hci_tl.o
                0x20000060                UserEventFlow

SYSTEM_DRIVER_CONTEXT
                0x20000064       0x11 load address 0x08008d7d
 SYSTEM_DRIVER_CONTEXT
                0x20000064       0x11 ./Middlewares/ST/STM32_WPAN/interface/patterns/ble_thread/tl/shci_tl.o
                0x20000074                SHCI_TL_UserEventFlow
                0x20000078                        . = ALIGN (0x4)

.bss            0x20000078      0x500 load address 0x08008d8e
                0x20000078                        _sbss = .
                0x20000078                        __bss_start__ = _sbss
 *(.bss)
 .bss           0x20000078       0x1c C:/ST/STM32CubeIDE_1.19.0/STM32CubeIDE/plugins/com.st.stm32cube.ide.mcu.externaltools.gnu-tools-for-stm32.13.3.rel1.win32_1.0.0.202411081344/tools/bin/../lib/gcc/arm-none-eabi/13.3.1/thumb/v7e-m+fp/hard/crtbegin.o
 *(.bss*)
 .bss.aTimerContext
                0x20000094       0x90 ./Core/Src/hw_timerserver.o
 .bss.CurrentRunningTimerID
                0x20000124        0x1 ./Core/Src/hw_timerserver.o
 .bss.PreviousRunningTimerID
                0x20000125        0x1 ./Core/Src/hw_timerserver.o
 *fill*         0x20000126        0x2 
 .bss.SSRValueOnLastSetup
                0x20000128        0x4 ./Core/Src/hw_timerserver.o
 .bss.WakeupTimerLimitation
                0x2000012c        0x1 ./Core/Src/hw_timerserver.o
 .bss.WakeupTimerDivider
                0x2000012d        0x1 ./Core/Src/hw_timerserver.o
 .bss.AsynchPrescalerUserConfig
                0x2000012e        0x1 ./Core/Src/hw_timerserver.o
 *fill*         0x2000012f        0x1 
 .bss.SynchPrescalerUserConfig
                0x20000130        0x2 ./Core/Src/hw_timerserver.o
 .bss.MaxWakeupTimerSetup
                0x20000132        0x2 ./Core/Src/hw_timerserver.o
 .bss.hipcc     0x20000134       0x3c ./Core/Src/ipcc.o
                0x20000134                hipcc
 .bss.last_processed_length.3
                0x20000170        0x2 ./Core/Src/main.o
 .bss.is_cat_mode.2
                0x20000172        0x1 ./Core/Src/main.o
 .bss.is_mouse_mode.1
                0x20000173        0x1 ./Core/Src/main.o
 .bss.circle_angle.0
                0x20000174        0x1 ./Core/Src/main.o
 *fill*         0x20000175        0x3 
 .bss.hrtc      0x20000178       0x24 ./Core/Src/rtc.o
                0x20000178                hrtc
 .bss.uwTick    0x2000019c        0x4 ./Drivers/STM32WBxx_HAL_Driver/Src/stm32wbxx_hal.o
                0x2000019c                uwTick
 .bss.hciContext
                0x200001a0       0x20 ./Middlewares/ST/STM32_WPAN/interface/patterns/ble_thread/tl/hci_tl.o
 .bss.HciCmdEventQueue
                0x200001c0        0x8 ./Middlewares/ST/STM32_WPAN/interface/patterns/ble_thread/tl/hci_tl.o
 .bss.StatusNotCallBackFunction
                0x200001c8        0x4 ./Middlewares/ST/STM32_WPAN/interface/patterns/ble_thread/tl/hci_tl.o
 .bss.CmdRspStatusFlag
                0x200001cc        0x1 ./Middlewares/ST/STM32_WPAN/interface/patterns/ble_thread/tl/hci_tl.o
 *fill*         0x200001cd        0x3 
 .bss.shciContext
                0x200001d0       0x20 ./Middlewares/ST/STM32_WPAN/interface/patterns/ble_thread/tl/shci_tl.o
 .bss.StatusNotCallBackFunction
                0x200001f0        0x4 ./Middlewares/ST/STM32_WPAN/interface/patterns/ble_thread/tl/shci_tl.o
 .bss.CmdRspStatusFlag
                0x200001f4        0x1 ./Middlewares/ST/STM32_WPAN/interface/patterns/ble_thread/tl/shci_tl.o
 *fill*         0x200001f5        0x3 
 .bss.LocalFreeBufQueue
                0x200001f8        0x8 ./Middlewares/ST/STM32_WPAN/interface/patterns/ble_thread/tl/tl_mbox.o
 .bss.BLE_IoBusEvtCallBackFunction
                0x20000200        0x4 ./Middlewares/ST/STM32_WPAN/interface/patterns/ble_thread/tl/tl_mbox.o
 .bss.BLE_IoBusAclDataTxAck
                0x20000204        0x4 ./Middlewares/ST/STM32_WPAN/interface/patterns/ble_thread/tl/tl_mbox.o
 .bss.SYS_CMD_IoBusCallBackFunction
                0x20000208        0x4 ./Middlewares/ST/STM32_WPAN/interface/patterns/ble_thread/tl/tl_mbox.o
 .bss.SYS_EVT_IoBusCallBackFunction
                0x2000020c        0x4 ./Middlewares/ST/STM32_WPAN/interface/patterns/ble_thread/tl/tl_mbox.o
 .bss.p_mem_manager_table.0
                0x20000210        0x4 ./Middlewares/ST/STM32_WPAN/interface/patterns/ble_thread/tl/tl_mbox.o
 .bss.a_BdAddrUdn
                0x20000214        0x6 ./STM32_WPAN/App/app_ble.o
 *fill*         0x2000021a        0x2 
 .bss.BleApplicationContext
                0x2000021c       0x84 ./STM32_WPAN/App/app_ble.o
 .bss.HandleNotification
                0x200002a0        0x4 ./STM32_WPAN/App/app_ble.o
                0x200002a0                HandleNotification
 .bss.NotifyCharData
                0x200002a4      0x200 ./STM32_WPAN/App/custom_app.o
                0x200002a4                NotifyCharData
 .bss.last_received_message
                0x200004a4       0x20 ./STM32_WPAN/App/custom_app.o
                0x200004a4                last_received_message
 .bss.last_received_length
                0x200004c4        0x2 ./STM32_WPAN/App/custom_app.o
                0x200004c4                last_received_length
 *fill*         0x200004c6        0x2 
 .bss.CustomContext
                0x200004c8        0x6 ./STM32_WPAN/App/custom_stm.o
 *fill*         0x200004ce        0x2 
 .bss.FreeBufCb
                0x200004d0        0x4 ./STM32_WPAN/Target/hw_ipcc.o
 .bss.StopModeDisable
                0x200004d4        0x4 ./Utilities/lpm/tiny_lpm/stm32_lpm.o
 .bss.OffModeDisable
                0x200004d8        0x4 ./Utilities/lpm/tiny_lpm/stm32_lpm.o
 .bss.TaskSet   0x200004dc        0x4 ./Utilities/sequencer/stm32_seq.o
 .bss.EvtSet    0x200004e0        0x4 ./Utilities/sequencer/stm32_seq.o
 .bss.EvtWaited
                0x200004e4        0x4 ./Utilities/sequencer/stm32_seq.o
 .bss.CurrentTaskIdx
                0x200004e8        0x4 ./Utilities/sequencer/stm32_seq.o
 .bss.TaskCb    0x200004ec       0x80 ./Utilities/sequencer/stm32_seq.o
 .bss.TaskPrio  0x2000056c        0x8 ./Utilities/sequencer/stm32_seq.o
 .bss.TaskClearList
                0x20000574        0x4 ./Utilities/sequencer/stm32_seq.o
 *(COMMON)
                0x20000578                        . = ALIGN (0x4)
                0x20000578                        _ebss = .
                0x20000578                        __bss_end__ = _ebss

._user_heap_stack
                0x20000578      0x600 load address 0x08008d8e
                0x20000578                        . = ALIGN (0x8)
                [!provide]                        PROVIDE (end = .)
                0x20000578                        PROVIDE (_end = .)
                0x20000778                        . = (. + _Min_Heap_Size)
 *fill*         0x20000578      0x200 
                0x20000b78                        . = (. + _Min_Stack_Size)
 *fill*         0x20000778      0x400 
                0x20000b78                        . = ALIGN (0x8)

/DISCARD/
 libc.a(*)
 libm.a(*)
 libgcc.a(*)

.ARM.attributes
                0x00000000       0x30
 *(.ARM.attributes)
 .ARM.attributes
                0x00000000       0x22 C:/ST/STM32CubeIDE_1.19.0/STM32CubeIDE/plugins/com.st.stm32cube.ide.mcu.externaltools.gnu-tools-for-stm32.13.3.rel1.win32_1.0.0.202411081344/tools/bin/../lib/gcc/arm-none-eabi/13.3.1/thumb/v7e-m+fp/hard/crti.o
 .ARM.attributes
                0x00000022       0x34 C:/ST/STM32CubeIDE_1.19.0/STM32CubeIDE/plugins/com.st.stm32cube.ide.mcu.externaltools.gnu-tools-for-stm32.13.3.rel1.win32_1.0.0.202411081344/tools/bin/../lib/gcc/arm-none-eabi/13.3.1/thumb/v7e-m+fp/hard/crtbegin.o
 .ARM.attributes
                0x00000056       0x34 ./Core/Src/app_debug.o
 .ARM.attributes
                0x0000008a       0x34 ./Core/Src/app_entry.o
 .ARM.attributes
                0x000000be       0x34 ./Core/Src/gpio.o
 .ARM.attributes
                0x000000f2       0x34 ./Core/Src/hw_timerserver.o
 .ARM.attributes
                0x00000126       0x34 ./Core/Src/ipcc.o
 .ARM.attributes
                0x0000015a       0x34 ./Core/Src/main.o
 .ARM.attributes
                0x0000018e       0x34 ./Core/Src/rf.o
 .ARM.attributes
                0x000001c2       0x34 ./Core/Src/rtc.o
 .ARM.attributes
                0x000001f6       0x34 ./Core/Src/stm32wbxx_hal_msp.o
 .ARM.attributes
                0x0000022a       0x34 ./Core/Src/stm32wbxx_it.o
 .ARM.attributes
                0x0000025e       0x34 ./Core/Src/system_stm32wbxx.o
 .ARM.attributes
                0x00000292       0x21 ./Core/Startup/startup_stm32wb55ccux.o
 .ARM.attributes
                0x000002b3       0x34 ./Drivers/STM32WBxx_HAL_Driver/Src/stm32wbxx_hal.o
 .ARM.attributes
                0x000002e7       0x34 ./Drivers/STM32WBxx_HAL_Driver/Src/stm32wbxx_hal_cortex.o
 .ARM.attributes
                0x0000031b       0x34 ./Drivers/STM32WBxx_HAL_Driver/Src/stm32wbxx_hal_gpio.o
 .ARM.attributes
                0x0000034f       0x34 ./Drivers/STM32WBxx_HAL_Driver/Src/stm32wbxx_hal_hsem.o
 .ARM.attributes
                0x00000383       0x34 ./Drivers/STM32WBxx_HAL_Driver/Src/stm32wbxx_hal_ipcc.o
 .ARM.attributes
                0x000003b7       0x34 ./Drivers/STM32WBxx_HAL_Driver/Src/stm32wbxx_hal_pwr.o
 .ARM.attributes
                0x000003eb       0x34 ./Drivers/STM32WBxx_HAL_Driver/Src/stm32wbxx_hal_pwr_ex.o
 .ARM.attributes
                0x0000041f       0x34 ./Drivers/STM32WBxx_HAL_Driver/Src/stm32wbxx_hal_rcc.o
 .ARM.attributes
                0x00000453       0x34 ./Drivers/STM32WBxx_HAL_Driver/Src/stm32wbxx_hal_rcc_ex.o
 .ARM.attributes
                0x00000487       0x34 ./Drivers/STM32WBxx_HAL_Driver/Src/stm32wbxx_hal_rtc.o
 .ARM.attributes
                0x000004bb       0x34 ./Drivers/STM32WBxx_HAL_Driver/Src/stm32wbxx_hal_rtc_ex.o
 .ARM.attributes
                0x000004ef       0x34 ./Middlewares/ST/STM32_WPAN/ble/core/auto/ble_gap_aci.o
 .ARM.attributes
                0x00000523       0x34 ./Middlewares/ST/STM32_WPAN/ble/core/auto/ble_gatt_aci.o
 .ARM.attributes
                0x00000557       0x34 ./Middlewares/ST/STM32_WPAN/ble/core/auto/ble_hal_aci.o
 .ARM.attributes
                0x0000058b       0x34 ./Middlewares/ST/STM32_WPAN/ble/core/auto/ble_hci_le.o
 .ARM.attributes
                0x000005bf       0x34 ./Middlewares/ST/STM32_WPAN/ble/core/template/osal.o
 .ARM.attributes
                0x000005f3       0x34 ./Middlewares/ST/STM32_WPAN/ble/svc/Src/svc_ctl.o
 .ARM.attributes
                0x00000627       0x34 ./Middlewares/ST/STM32_WPAN/interface/patterns/ble_thread/shci/shci.o
 .ARM.attributes
                0x0000065b       0x34 ./Middlewares/ST/STM32_WPAN/interface/patterns/ble_thread/tl/hci_tl.o
 .ARM.attributes
                0x0000068f       0x34 ./Middlewares/ST/STM32_WPAN/interface/patterns/ble_thread/tl/hci_tl_if.o
 .ARM.attributes
                0x000006c3       0x34 ./Middlewares/ST/STM32_WPAN/interface/patterns/ble_thread/tl/shci_tl.o
 .ARM.attributes
                0x000006f7       0x34 ./Middlewares/ST/STM32_WPAN/interface/patterns/ble_thread/tl/shci_tl_if.o
 .ARM.attributes
                0x0000072b       0x34 ./Middlewares/ST/STM32_WPAN/interface/patterns/ble_thread/tl/tl_mbox.o
 .ARM.attributes
                0x0000075f       0x34 ./Middlewares/ST/STM32_WPAN/utilities/otp.o
 .ARM.attributes
                0x00000793       0x34 ./Middlewares/ST/STM32_WPAN/utilities/stm_list.o
 .ARM.attributes
                0x000007c7       0x34 ./STM32_WPAN/App/app_ble.o
 .ARM.attributes
                0x000007fb       0x34 ./STM32_WPAN/App/custom_app.o
 .ARM.attributes
                0x0000082f       0x34 ./STM32_WPAN/App/custom_stm.o
 .ARM.attributes
                0x00000863       0x34 ./STM32_WPAN/Target/hw_ipcc.o
 .ARM.attributes
                0x00000897       0x34 ./Utilities/lpm/tiny_lpm/stm32_lpm.o
 .ARM.attributes
                0x000008cb       0x34 ./Utilities/sequencer/stm32_seq.o
 .ARM.attributes
                0x000008ff       0x34 C:/ST/STM32CubeIDE_1.19.0/STM32CubeIDE/plugins/com.st.stm32cube.ide.mcu.externaltools.gnu-tools-for-stm32.13.3.rel1.win32_1.0.0.202411081344/tools/bin/../lib/gcc/arm-none-eabi/13.3.1/../../../../arm-none-eabi/lib/thumb/v7e-m+fp/hard\libc_nano.a(libc_a-memcmp.o)
 .ARM.attributes
                0x00000933       0x34 C:/ST/STM32CubeIDE_1.19.0/STM32CubeIDE/plugins/com.st.stm32cube.ide.mcu.externaltools.gnu-tools-for-stm32.13.3.rel1.win32_1.0.0.202411081344/tools/bin/../lib/gcc/arm-none-eabi/13.3.1/../../../../arm-none-eabi/lib/thumb/v7e-m+fp/hard\libc_nano.a(libc_a-memset.o)
 .ARM.attributes
                0x00000967       0x34 C:/ST/STM32CubeIDE_1.19.0/STM32CubeIDE/plugins/com.st.stm32cube.ide.mcu.externaltools.gnu-tools-for-stm32.13.3.rel1.win32_1.0.0.202411081344/tools/bin/../lib/gcc/arm-none-eabi/13.3.1/../../../../arm-none-eabi/lib/thumb/v7e-m+fp/hard\libc_nano.a(libc_a-init.o)
 .ARM.attributes
                0x0000099b       0x34 C:/ST/STM32CubeIDE_1.19.0/STM32CubeIDE/plugins/com.st.stm32cube.ide.mcu.externaltools.gnu-tools-for-stm32.13.3.rel1.win32_1.0.0.202411081344/tools/bin/../lib/gcc/arm-none-eabi/13.3.1/../../../../arm-none-eabi/lib/thumb/v7e-m+fp/hard\libc_nano.a(libc_a-memcpy-stub.o)
 .ARM.attributes
                0x000009cf       0x17 C:/ST/STM32CubeIDE_1.19.0/STM32CubeIDE/plugins/com.st.stm32cube.ide.mcu.externaltools.gnu-tools-for-stm32.13.3.rel1.win32_1.0.0.202411081344/tools/bin/../lib/gcc/arm-none-eabi/13.3.1/../../../../arm-none-eabi/lib/thumb/v7e-m+fp/hard\libc_nano.a(libc_a-strlen.o)
 .ARM.attributes
                0x000009e6       0x34 C:/ST/STM32CubeIDE_1.19.0/STM32CubeIDE/plugins/com.st.stm32cube.ide.mcu.externaltools.gnu-tools-for-stm32.13.3.rel1.win32_1.0.0.202411081344/tools/bin/../lib/gcc/arm-none-eabi/13.3.1/../../../../arm-none-eabi/lib/thumb/v7e-m+fp/hard\libm.a(libm_a-sf_cos.o)
 .ARM.attributes
                0x00000a1a       0x34 C:/ST/STM32CubeIDE_1.19.0/STM32CubeIDE/plugins/com.st.stm32cube.ide.mcu.externaltools.gnu-tools-for-stm32.13.3.rel1.win32_1.0.0.202411081344/tools/bin/../lib/gcc/arm-none-eabi/13.3.1/../../../../arm-none-eabi/lib/thumb/v7e-m+fp/hard\libm.a(libm_a-sf_sin.o)
 .ARM.attributes
                0x00000a4e       0x34 C:/ST/STM32CubeIDE_1.19.0/STM32CubeIDE/plugins/com.st.stm32cube.ide.mcu.externaltools.gnu-tools-for-stm32.13.3.rel1.win32_1.0.0.202411081344/tools/bin/../lib/gcc/arm-none-eabi/13.3.1/../../../../arm-none-eabi/lib/thumb/v7e-m+fp/hard\libm.a(libm_a-kf_cos.o)
 .ARM.attributes
                0x00000a82       0x34 C:/ST/STM32CubeIDE_1.19.0/STM32CubeIDE/plugins/com.st.stm32cube.ide.mcu.externaltools.gnu-tools-for-stm32.13.3.rel1.win32_1.0.0.202411081344/tools/bin/../lib/gcc/arm-none-eabi/13.3.1/../../../../arm-none-eabi/lib/thumb/v7e-m+fp/hard\libm.a(libm_a-kf_sin.o)
 .ARM.attributes
                0x00000ab6       0x34 C:/ST/STM32CubeIDE_1.19.0/STM32CubeIDE/plugins/com.st.stm32cube.ide.mcu.externaltools.gnu-tools-for-stm32.13.3.rel1.win32_1.0.0.202411081344/tools/bin/../lib/gcc/arm-none-eabi/13.3.1/../../../../arm-none-eabi/lib/thumb/v7e-m+fp/hard\libm.a(libm_a-ef_rem_pio2.o)
 .ARM.attributes
                0x00000aea       0x34 C:/ST/STM32CubeIDE_1.19.0/STM32CubeIDE/plugins/com.st.stm32cube.ide.mcu.externaltools.gnu-tools-for-stm32.13.3.rel1.win32_1.0.0.202411081344/tools/bin/../lib/gcc/arm-none-eabi/13.3.1/../../../../arm-none-eabi/lib/thumb/v7e-m+fp/hard\libm.a(libm_a-sf_fabs.o)
 .ARM.attributes
                0x00000b1e       0x34 C:/ST/STM32CubeIDE_1.19.0/STM32CubeIDE/plugins/com.st.stm32cube.ide.mcu.externaltools.gnu-tools-for-stm32.13.3.rel1.win32_1.0.0.202411081344/tools/bin/../lib/gcc/arm-none-eabi/13.3.1/../../../../arm-none-eabi/lib/thumb/v7e-m+fp/hard\libm.a(libm_a-kf_rem_pio2.o)
 .ARM.attributes
                0x00000b52       0x34 C:/ST/STM32CubeIDE_1.19.0/STM32CubeIDE/plugins/com.st.stm32cube.ide.mcu.externaltools.gnu-tools-for-stm32.13.3.rel1.win32_1.0.0.202411081344/tools/bin/../lib/gcc/arm-none-eabi/13.3.1/../../../../arm-none-eabi/lib/thumb/v7e-m+fp/hard\libm.a(libm_a-sf_scalbn.o)
 .ARM.attributes
                0x00000b86       0x34 C:/ST/STM32CubeIDE_1.19.0/STM32CubeIDE/plugins/com.st.stm32cube.ide.mcu.externaltools.gnu-tools-for-stm32.13.3.rel1.win32_1.0.0.202411081344/tools/bin/../lib/gcc/arm-none-eabi/13.3.1/../../../../arm-none-eabi/lib/thumb/v7e-m+fp/hard\libm.a(libm_a-sf_floor.o)
 .ARM.attributes
                0x00000bba       0x22 C:/ST/STM32CubeIDE_1.19.0/STM32CubeIDE/plugins/com.st.stm32cube.ide.mcu.externaltools.gnu-tools-for-stm32.13.3.rel1.win32_1.0.0.202411081344/tools/bin/../lib/gcc/arm-none-eabi/13.3.1/thumb/v7e-m+fp/hard/crtn.o

MAPPING_TABLE   0x20030000       0x28
 *(MAPPING_TABLE)
 MAPPING_TABLE  0x20030000       0x28 ./Middlewares/ST/STM32_WPAN/interface/patterns/ble_thread/tl/tl_mbox.o

MB_MEM1         0x20030028      0x1bb
 *(MB_MEM1)
 MB_MEM1        0x20030028       0xb0 ./Middlewares/ST/STM32_WPAN/interface/patterns/ble_thread/tl/tl_mbox.o
 MB_MEM1        0x200300d8      0x10b ./STM32_WPAN/App/app_ble.o
                0x08008d8e                        _siMB_MEM2 = LOADADDR (.MB_MEM2)

.MB_MEM2        0x200301e4      0x883 load address 0x08008d8e
                0x200301e4                        _sMB_MEM2 = .
 *(MB_MEM2)
 MB_MEM2        0x200301e4       0x12 ./Core/Src/app_debug.o
 *fill*         0x200301f6        0x2 
 MB_MEM2        0x200301f8      0x85e ./Core/Src/app_entry.o
 *fill*         0x20030a56        0x2 
 MB_MEM2        0x20030a58        0xf ./Middlewares/ST/STM32_WPAN/interface/patterns/ble_thread/tl/tl_mbox.o
                0x20030a67                        _eMB_MEM2 = .
OUTPUT(ble_demo.elf elf32-littlearm)
LOAD linker stubs
LOAD C:/ST/STM32CubeIDE_1.19.0/STM32CubeIDE/plugins/com.st.stm32cube.ide.mcu.externaltools.gnu-tools-for-stm32.13.3.rel1.win32_1.0.0.202411081344/tools/bin/../lib/gcc/arm-none-eabi/13.3.1/../../../../arm-none-eabi/lib/thumb/v7e-m+fp/hard\libc.a
LOAD C:/ST/STM32CubeIDE_1.19.0/STM32CubeIDE/plugins/com.st.stm32cube.ide.mcu.externaltools.gnu-tools-for-stm32.13.3.rel1.win32_1.0.0.202411081344/tools/bin/../lib/gcc/arm-none-eabi/13.3.1/../../../../arm-none-eabi/lib/thumb/v7e-m+fp/hard\libm.a
LOAD C:/ST/STM32CubeIDE_1.19.0/STM32CubeIDE/plugins/com.st.stm32cube.ide.mcu.externaltools.gnu-tools-for-stm32.13.3.rel1.win32_1.0.0.202411081344/tools/bin/../lib/gcc/arm-none-eabi/13.3.1/thumb/v7e-m+fp/hard\libgcc.a

.debug_info     0x00000000    0x248ec
 .debug_info    0x00000000      0xb56 ./Core/Src/app_debug.o
 .debug_info    0x00000b56     0x1bbb ./Core/Src/app_entry.o
 .debug_info    0x00002711      0x56e ./Core/Src/gpio.o
 .debug_info    0x00002c7f     0x11a8 ./Core/Src/hw_timerserver.o
 .debug_info    0x00003e27      0x845 ./Core/Src/ipcc.o
 .debug_info    0x0000466c      0xa0f ./Core/Src/main.o
 .debug_info    0x0000507b       0x91 ./Core/Src/rf.o
 .debug_info    0x0000510c      0xc4e ./Core/Src/rtc.o
 .debug_info    0x00005d5a      0x5e7 ./Core/Src/stm32wbxx_hal_msp.o