../Core/Src/actionneurs/moteur.c:47:6:Motor_Init_System	8	static
../Core/Src/actionneurs/moteur.c:57:13:Set_Motor_PWM	24	static
../Core/Src/actionneurs/moteur.c:80:6:Motor_Left_Control	16	static
../Core/Src/actionneurs/moteur.c:81:6:Motor_Right_Control	16	static
../Core/Src/actionneurs/moteur.c:82:6:Motor_Stop_Both	8	static
../Core/Src/actionneurs/moteur.c:86:6:Encoder_Update_Debug	64	static
../Core/Src/actionneurs/moteur.c:125:13:Encoder_Calculate_Speed	32	static
../Core/Src/actionneurs/moteur.c:138:14:PID_Compute	48	static
../Core/Src/actionneurs/moteur.c:159:13:Motor_Move_PID	112	static
../Core/Src/actionneurs/moteur.c:229:6:Robot_Translation	24	static
../Core/Src/actionneurs/moteur.c:238:6:Robot_Rotation	24	static
