../Drivers/STM32WBxx_HAL_Driver/Inc/stm32wbxx_ll_bus.h:364:22:LL_AHB1_GRP1_EnableClock	1
../Drivers/STM32WBxx_HAL_Driver/Inc/stm32wbxx_ll_bus.h:539:22:LL_AHB2_GRP1_EnableClock	1
../Core/Src/main.c:137:6:Task_default	1
../Core/Src/main.c:152:6:Task_odom	1
../Core/Src/main.c:161:6:Task_lidar	1
../Core/Src/main.c:169:6:Task_com	1
../Core/Src/main.c:179:6:Task_sensor	2
../Core/Src/main.c:212:5:main	9
../Core/Src/main.c:406:6:SystemClock_Config	3
../Core/Src/main.c:461:6:PeriphCommonClock_Config	2
../Core/Src/main.c:486:13:MX_ADC1_Init	4
../Core/Src/main.c:553:13:MX_I2C1_Init	4
../Core/Src/main.c:601:13:MX_IPCC_Init	2
../Core/Src/main.c:627:13:MX_LPTIM1_Init	2
../Core/Src/main.c:661:13:MX_LPUART1_UART_Init	5
../Core/Src/main.c:709:13:MX_RF_Init	1
../Core/Src/main.c:730:13:MX_RTC_Init	3
../Core/Src/main.c:773:13:MX_TIM1_Init	3
../Core/Src/main.c:824:13:MX_TIM2_Init	3
../Core/Src/main.c:873:13:MX_TIM16_Init	5
../Core/Src/main.c:936:13:MX_TIM17_Init	5
../Core/Src/main.c:997:13:MX_DMA_Init	1
../Core/Src/main.c:1016:13:MX_GPIO_Init	1
../Core/Src/main.c:1064:6:HAL_ADC_ConvCpltCallback	3
../Core/Src/main.c:1075:6:HAL_GPIO_EXTI_Callback	3
../Core/Src/main.c:1098:6:StartDefaultTask	1
../Core/Src/main.c:1114:6:Error_Handler	1
