../Core/Src/moteur.c:30:7:Encoder_GetAngleDeg	16	static
../Core/Src/moteur.c:36:7:Encoder_GetDistanceMM	8	static
../Core/Src/moteur.c:41:6:Encoder_Init	8	static
../Core/Src/moteur.c:53:5:Encoder_GetPosition	16	static
../Core/Src/moteur.c:68:6:Motor_Init	8	static
../Core/Src/moteur.c:75:6:Motor_SetSpeed	16	static
../Core/Src/moteur.c:82:6:Motor_Forward	16	static
../Core/Src/moteur.c:94:6:Motor_Reverse	16	static
../Core/Src/moteur.c:108:6:Motor_Stop	16	static
../Core/Src/moteur.c:116:6:Target_angle	32	static
../Core/Src/moteur.c:129:7:PID_Update	40	static
../Core/Src/moteur.c:153:6:PID_init_params	12	static
../Core/Src/moteur.c:170:6:Update_Encoder_Vitesse	56	static
../Core/Src/moteur.c:202:6:control_motor	16	static
