../Core/Src/VL53L0X.c:54:6:writeReg	32	static
../Core/Src/VL53L0X.c:63:6:writeReg16Bit	32	static
../Core/Src/VL53L0X.c:70:6:writeReg32Bit	32	static
../Core/Src/VL53L0X.c:77:9:readReg	40	static
../Core/Src/VL53L0X.c:87:10:readReg16Bit	40	static
../Core/Src/VL53L0X.c:97:10:readReg32Bit	40	static
../Core/Src/VL53L0X.c:115:6:writeMulti	88	static
../Core/Src/VL53L0X.c:133:6:readMulti	24	static
../Core/Src/VL53L0X.c:145:6:setAddress_VL53L0X	16	static
../Core/Src/VL53L0X.c:150:9:getAddress_VL53L0X	4	static
../Core/Src/VL53L0X.c:162:6:initVL53L0X	32	static
../Core/Src/VL53L0X.c:399:6:setSignalRateLimit	16	static
../Core/Src/VL53L0X.c:409:7:getSignalRateLimit	8	static
../Core/Src/VL53L0X.c:421:6:setMeasurementTimingBudget	80	static
../Core/Src/VL53L0X.c:510:10:getMeasurementTimingBudget	56	static
../Core/Src/VL53L0X.c:564:6:setVcselPulsePeriod	56	static
../Core/Src/VL53L0X.c:741:9:getVcselPulsePeriod	16	static
../Core/Src/VL53L0X.c:760:6:startContinuous	24	static
../Core/Src/VL53L0X.c:798:6:stopContinuous	8	static
../Core/Src/VL53L0X.c:813:10:readRangeContinuousMillimeters	32	static
../Core/Src/VL53L0X.c:859:10:readRangeSingleMillimeters	16	static
../Core/Src/VL53L0X.c:885:6:timeoutOccurred	16	static
../Core/Src/VL53L0X.c:892:6:setTimeout	16	static
../Core/Src/VL53L0X.c:896:10:getTimeout	4	static
../Core/Src/VL53L0X.c:905:6:getSpadInfo	24	static
../Core/Src/VL53L0X.c:947:6:getSequenceStepEnables	24	static
../Core/Src/VL53L0X.c:962:6:getSequenceStepTimeouts	16	static
../Core/Src/VL53L0X.c:996:10:decodeTimeout	16	static
../Core/Src/VL53L0X.c:1007:10:encodeTimeout	24	static
../Core/Src/VL53L0X.c:1031:10:timeoutMclksToMicroseconds	24	static
../Core/Src/VL53L0X.c:1040:10:timeoutMicrosecondsToMclks	24	static
../Core/Src/VL53L0X.c:1049:6:performSingleRefCalibration	16	static
../Core/Src/VL53L0X.c:1066:6:mesure_TOF	24	static
../Core/Src/VL53L0X.c:1080:6:INIT_TOFS	24	static
