../Core/Src/moteur.c:53:7:Encoder_UpdateAngle	32	static
../Core/Src/moteur.c:68:7:Encoder_GetDistanceMM	8	static
../Core/Src/moteur.c:73:6:Encoder_Init	8	static
../Core/Src/moteur.c:86:5:Encoder_GetPosition	16	static
../Core/Src/moteur.c:101:6:Motor_Init	8	static
../Core/Src/moteur.c:108:6:Motor_SetSpeed	16	static
../Core/Src/moteur.c:115:6:Motor_Forward_R	16	static
../Core/Src/moteur.c:126:6:Motor_Forward_L	16	static
../Core/Src/moteur.c:135:6:Motor_Reverse_R	16	static
../Core/Src/moteur.c:147:6:Motor_Reverse_L	16	static
../Core/Src/moteur.c:158:6:Motor_Stop	16	static
../Core/Src/moteur.c:166:6:Target_angle	32	static
../Core/Src/moteur.c:181:7:Encoder_GetAngularVelocityRad	32	static
../Core/Src/moteur.c:201:6:Target_Velocity	16	static
../Core/Src/moteur.c:206:7:PID_Compute	32	static
../Core/Src/moteur.c:236:6:Control_Speed	24	static
