../Middlewares/ST/STM32_WPAN/interface/patterns/ble_thread/tl/tl_mbox.c:84:6:TL_Enable	8	static
../Middlewares/ST/STM32_WPAN/interface/patterns/ble_thread/tl/tl_mbox.c:92:6:TL_Init	8	static
../Middlewares/ST/STM32_WPAN/interface/patterns/ble_thread/tl/tl_mbox.c:112:9:TL_BLE_Init	24	static
../Middlewares/ST/STM32_WPAN/interface/patterns/ble_thread/tl/tl_mbox.c:135:9:TL_BLE_SendCmd	16	static
../Middlewares/ST/STM32_WPAN/interface/patterns/ble_thread/tl/tl_mbox.c:149:6:HW_IPCC_BLE_RxEvtNot	16	static
../Middlewares/ST/STM32_WPAN/interface/patterns/ble_thread/tl/tl_mbox.c:172:9:TL_BLE_SendAclData	16	static
../Middlewares/ST/STM32_WPAN/interface/patterns/ble_thread/tl/tl_mbox.c:186:6:HW_IPCC_BLE_AclDataAckNot	8	static
../Middlewares/ST/STM32_WPAN/interface/patterns/ble_thread/tl/tl_mbox.c:198:9:TL_SYS_Init	24	static
../Middlewares/ST/STM32_WPAN/interface/patterns/ble_thread/tl/tl_mbox.c:217:9:TL_SYS_SendCmd	16	static
../Middlewares/ST/STM32_WPAN/interface/patterns/ble_thread/tl/tl_mbox.c:231:6:HW_IPCC_SYS_CmdEvtNot	8	static
../Middlewares/ST/STM32_WPAN/interface/patterns/ble_thread/tl/tl_mbox.c:240:6:HW_IPCC_SYS_EvtNot	16	static
../Middlewares/ST/STM32_WPAN/interface/patterns/ble_thread/tl/tl_mbox.c:597:6:TL_MM_Init	16	static
../Middlewares/ST/STM32_WPAN/interface/patterns/ble_thread/tl/tl_mbox.c:617:6:TL_MM_EvtDone	16	static
../Middlewares/ST/STM32_WPAN/interface/patterns/ble_thread/tl/tl_mbox.c:628:13:SendFreeBuf	16	static
../Middlewares/ST/STM32_WPAN/interface/patterns/ble_thread/tl/tl_mbox.c:644:6:TL_TRACES_Init	8	static
../Middlewares/ST/STM32_WPAN/interface/patterns/ble_thread/tl/tl_mbox.c:655:6:HW_IPCC_TRACES_EvtNot	16	static
../Middlewares/ST/STM32_WPAN/interface/patterns/ble_thread/tl/tl_mbox.c:668:13:TL_TRACES_EvtReceived	16	static
../Middlewares/ST/STM32_WPAN/interface/patterns/ble_thread/tl/tl_mbox.c:676:13:OutputDbgTrace	32	static
