../Core/Src/main.c:116:6:send_response	16	static
../Core/Src/main.c:121:6:bm71_hw_init	8	static
../Core/Src/main.c:135:6:USB_VCP_LauncherTask	24	static
../Core/Src/main.c:154:6:BM71_LauncherTask	32	static
../Core/Src/main.c:168:6:SendCmd	280	static
../Core/Src/main.c:179:6:Configurer_BM71	64	static
../Core/Src/main.c:214:13:ADXL345_Write	24	static
../Core/Src/main.c:222:9:ADXL345_Read	24	static,ignoring_inline_asm
../Core/Src/main.c:236:13:ADXL345_Init_SingleTap	8	static
../Core/Src/main.c:256:5:main	16	static
../Core/Src/main.c:378:6:SystemClock_Config	88	static
../Core/Src/main.c:422:6:HAL_GPIO_EXTI_Callback	16	static
../Core/Src/main.c:439:6:HAL_TIM_PeriodElapsedCallback	16	static
../Core/Src/main.c:457:6:Error_Handler	4	static,ignoring_inline_asm
