../Drivers/STM32G4xx_HAL_Driver/Inc/stm32g4xx_ll_bus.h:451:22:LL_AHB2_GRP1_EnableClock	1
../Drivers/STM32G4xx_HAL_Driver/Inc/stm32g4xx_ll_bus.h:935:22:LL_APB1_GRP2_EnableClock	1
../Core/Src/main.c:92:5:main	1
../Core/Src/main.c:148:6:SystemClock_Config	3
../Core/Src/main.c:195:13:MX_ADC1_Init	4
../Core/Src/main.c:263:13:MX_ADC2_Init	3
../Core/Src/main.c:322:13:MX_I2C1_Init	4
../Core/Src/main.c:370:13:MX_SPI1_Init	2
../Core/Src/main.c:410:13:MX_TIM1_Init	3
../Core/Src/main.c:461:13:MX_TIM2_Init	3
../Core/Src/main.c:510:13:MX_TIM3_Init	6
../Core/Src/main.c:567:13:MX_TIM4_Init	4
../Core/Src/main.c:616:13:MX_UCPD1_Init	1
../Core/Src/main.c:657:13:MX_USART2_UART_Init	5
../Core/Src/main.c:705:13:MX_USART3_UART_Init	5
../Core/Src/main.c:753:13:MX_USB_PCD_Init	2
../Core/Src/main.c:786:13:MX_GPIO_Init	1
../Core/Src/main.c:834:6:Error_Handler	1
