../Core/Src/driver_adxl345.c:101:9:adxl345_fifo_irq_handler	8	static
../Core/Src/driver_adxl345.c:118:13:a_adxl345_fifo_receive_callback	24	static
../Core/Src/driver_adxl345.c:157:9:adxl345_fifo_init	24	static
../Core/Src/driver_adxl345.c:830:9:adxl345_fifo_deinit	8	static
../Core/Src/driver_adxl345.c:854:16:a_adxl345_iic_spi_read	32	static
../Core/Src/driver_adxl345.c:897:16:a_adxl345_iic_spi_write	32	static
../Core/Src/driver_adxl345.c:937:9:adxl345_set_interface	16	static
../Core/Src/driver_adxl345.c:958:9:adxl345_get_interface	16	static
../Core/Src/driver_adxl345.c:979:9:adxl345_set_addr_pin	16	static
../Core/Src/driver_adxl345.c:1000:9:adxl345_get_addr_pin	16	static
../Core/Src/driver_adxl345.c:1023:9:adxl345_set_tap_threshold	16	static
../Core/Src/driver_adxl345.c:1048:9:adxl345_get_tap_threshold	16	static
../Core/Src/driver_adxl345.c:1073:9:adxl345_tap_threshold_convert_to_register	24	static
../Core/Src/driver_adxl345.c:1100:9:adxl345_tap_threshold_convert_to_data	24	static
../Core/Src/driver_adxl345.c:1129:9:adxl345_set_offset	24	static
../Core/Src/driver_adxl345.c:1180:9:adxl345_get_offset	32	static
../Core/Src/driver_adxl345.c:1229:9:adxl345_offset_convert_to_register	24	static
../Core/Src/driver_adxl345.c:1256:9:adxl345_offset_convert_to_data	24	static
../Core/Src/driver_adxl345.c:1283:9:adxl345_set_duration	16	static
../Core/Src/driver_adxl345.c:1308:9:adxl345_get_duration	16	static
../Core/Src/driver_adxl345.c:1333:9:adxl345_duration_convert_to_register	24	static
../Core/Src/driver_adxl345.c:1360:9:adxl345_duration_convert_to_data	24	static
../Core/Src/driver_adxl345.c:1387:9:adxl345_set_latent	16	static
../Core/Src/driver_adxl345.c:1412:9:adxl345_get_latent	16	static
../Core/Src/driver_adxl345.c:1437:9:adxl345_latent_convert_to_register	24	static
../Core/Src/driver_adxl345.c:1464:9:adxl345_latent_convert_to_data	24	static
../Core/Src/driver_adxl345.c:1491:9:adxl345_set_window	16	static
../Core/Src/driver_adxl345.c:1516:9:adxl345_get_window	16	static
../Core/Src/driver_adxl345.c:1541:9:adxl345_window_convert_to_register	24	static
../Core/Src/driver_adxl345.c:1568:9:adxl345_window_convert_to_data	24	static
../Core/Src/driver_adxl345.c:1595:9:adxl345_set_action_threshold	16	static
../Core/Src/driver_adxl345.c:1620:9:adxl345_get_action_threshold	16	static
../Core/Src/driver_adxl345.c:1645:9:adxl345_action_threshold_convert_to_register	24	static
../Core/Src/driver_adxl345.c:1672:9:adxl345_action_threshold_convert_to_data	24	static
../Core/Src/driver_adxl345.c:1699:9:adxl345_set_inaction_threshold	16	static
../Core/Src/driver_adxl345.c:1724:9:adxl345_get_inaction_threshold	16	static
../Core/Src/driver_adxl345.c:1749:9:adxl345_inaction_threshold_convert_to_register	24	static
../Core/Src/driver_adxl345.c:1776:9:adxl345_inaction_threshold_convert_to_data	24	static
../Core/Src/driver_adxl345.c:1803:9:adxl345_set_inaction_time	16	static
../Core/Src/driver_adxl345.c:1828:9:adxl345_get_inaction_time	16	static
../Core/Src/driver_adxl345.c:1853:9:adxl345_inaction_time_convert_to_register	24	static
../Core/Src/driver_adxl345.c:1880:9:adxl345_inaction_time_convert_to_data	24	static
../Core/Src/driver_adxl345.c:1908:9:adxl345_set_action_inaction	24	static
../Core/Src/driver_adxl345.c:1946:9:adxl345_get_action_inaction	32	static
../Core/Src/driver_adxl345.c:1983:9:adxl345_set_action_coupled	24	static
../Core/Src/driver_adxl345.c:2020:9:adxl345_get_action_coupled	24	static
../Core/Src/driver_adxl345.c:2057:9:adxl345_set_inaction_coupled	24	static
../Core/Src/driver_adxl345.c:2094:9:adxl345_get_inaction_coupled	24	static
../Core/Src/driver_adxl345.c:2131:9:adxl345_set_free_fall_threshold	16	static
../Core/Src/driver_adxl345.c:2156:9:adxl345_get_free_fall_threshold	16	static
../Core/Src/driver_adxl345.c:2181:9:adxl345_free_fall_threshold_convert_to_register	24	static
../Core/Src/driver_adxl345.c:2208:9:adxl345_free_fall_threshold_convert_to_data	24	static
../Core/Src/driver_adxl345.c:2235:9:adxl345_set_free_fall_time	16	static
../Core/Src/driver_adxl345.c:2260:9:adxl345_get_free_fall_time	16	static
../Core/Src/driver_adxl345.c:2285:9:adxl345_free_fall_time_convert_to_register	24	static
../Core/Src/driver_adxl345.c:2312:9:adxl345_free_fall_time_convert_to_data	24	static
../Core/Src/driver_adxl345.c:2340:9:adxl345_set_tap_axis	24	static
../Core/Src/driver_adxl345.c:2378:9:adxl345_get_tap_axis	32	static
../Core/Src/driver_adxl345.c:2415:9:adxl345_set_tap_suppress	24	static
../Core/Src/driver_adxl345.c:2452:9:adxl345_get_tap_suppress	24	static
../Core/Src/driver_adxl345.c:2489:9:adxl345_get_tap_status	16	static
../Core/Src/driver_adxl345.c:2514:9:adxl345_set_rate	24	static
../Core/Src/driver_adxl345.c:2551:9:adxl345_get_rate	24	static
../Core/Src/driver_adxl345.c:2589:9:adxl345_set_interrupt	24	static
../Core/Src/driver_adxl345.c:2627:9:adxl345_get_interrupt	32	static
../Core/Src/driver_adxl345.c:2665:9:adxl345_set_interrupt_map	24	static
../Core/Src/driver_adxl345.c:2703:9:adxl345_get_interrupt_map	32	static
../Core/Src/driver_adxl345.c:2740:9:adxl345_get_interrupt_source	16	static
../Core/Src/driver_adxl345.c:2765:9:adxl345_set_self_test	24	static
../Core/Src/driver_adxl345.c:2802:9:adxl345_get_self_test	24	static
../Core/Src/driver_adxl345.c:2839:9:adxl345_set_spi_wire	24	static
../Core/Src/driver_adxl345.c:2876:9:adxl345_get_spi_wire	24	static
../Core/Src/driver_adxl345.c:2913:9:adxl345_set_interrupt_active_level	24	static
../Core/Src/driver_adxl345.c:2950:9:adxl345_get_interrupt_active_level	24	static
../Core/Src/driver_adxl345.c:2987:9:adxl345_set_full_resolution	24	static
../Core/Src/driver_adxl345.c:3024:9:adxl345_get_full_resolution	24	static
../Core/Src/driver_adxl345.c:3061:9:adxl345_set_justify	24	static
../Core/Src/driver_adxl345.c:3098:9:adxl345_get_justify	24	static
../Core/Src/driver_adxl345.c:3135:9:adxl345_set_range	24	static
../Core/Src/driver_adxl345.c:3172:9:adxl345_get_range	24	static
../Core/Src/driver_adxl345.c:3209:9:adxl345_set_mode	24	static
../Core/Src/driver_adxl345.c:3246:9:adxl345_get_mode	24	static
../Core/Src/driver_adxl345.c:3283:9:adxl345_set_trigger_pin	24	static
../Core/Src/driver_adxl345.c:3320:9:adxl345_get_trigger_pin	24	static
../Core/Src/driver_adxl345.c:3357:9:adxl345_set_watermark	24	static
../Core/Src/driver_adxl345.c:3394:9:adxl345_get_watermark	24	static
../Core/Src/driver_adxl345.c:3431:9:adxl345_get_watermark_level	24	static
../Core/Src/driver_adxl345.c:3468:9:adxl345_get_trigger_status	24	static
../Core/Src/driver_adxl345.c:3505:9:adxl345_set_link_activity_inactivity	24	static
../Core/Src/driver_adxl345.c:3542:9:adxl345_get_link_activity_inactivity	24	static
../Core/Src/driver_adxl345.c:3579:9:adxl345_set_auto_sleep	24	static
../Core/Src/driver_adxl345.c:3616:9:adxl345_get_auto_sleep	24	static
../Core/Src/driver_adxl345.c:3653:9:adxl345_set_measure	24	static
../Core/Src/driver_adxl345.c:3690:9:adxl345_get_measure	24	static
../Core/Src/driver_adxl345.c:3727:9:adxl345_set_sleep	24	static
../Core/Src/driver_adxl345.c:3764:9:adxl345_get_sleep	24	static
../Core/Src/driver_adxl345.c:3801:9:adxl345_set_sleep_frequency	24	static
../Core/Src/driver_adxl345.c:3838:9:adxl345_get_sleep_frequency	24	static
../Core/Src/driver_adxl345.c:3872:16:a_adxl345_close	16	static
../Core/Src/driver_adxl345.c:3913:9:adxl345_init	24	static
../Core/Src/driver_adxl345.c:4034:9:adxl345_deinit	24	static
../Core/Src/driver_adxl345.c:4092:9:adxl345_read	224	static
../Core/Src/driver_adxl345.c:4527:9:adxl345_irq_handler	24	static
../Core/Src/driver_adxl345.c:4620:9:adxl345_set_reg	24	static
../Core/Src/driver_adxl345.c:4647:9:adxl345_get_reg	24	static
../Core/Src/driver_adxl345.c:4669:9:adxl345_info	16	static
