../Core/Src/main.c:134:6:Task_default	1
../Core/Src/main.c:147:6:Task_odom	1
../Core/Src/main.c:156:6:Task_lidar	1
../Core/Src/main.c:165:6:Task_com	1
../Core/Src/main.c:174:6:Task_sensor	2
../Core/Src/main.c:201:6:task_screen	3
../Core/Src/main.c:236:6:task_ScanI2C	5
../Core/Src/main.c:272:6:task_tof	1
../Core/Src/main.c:287:5:main	10
../Core/Src/main.c:442:6:SystemClock_Config	3
../Core/Src/main.c:495:6:PeriphCommonClock_Config	2
../Core/Src/main.c:515:6:HAL_ADC_ConvCpltCallback	3
../Core/Src/main.c:525:6:HAL_GPIO_EXTI_Callback	3
../Core/Src/main.c:543:6:Error_Handler	1
