../Core/Src/moteur.c:20:7:Encoder_GetAngleDeg	8	static
../Core/Src/moteur.c:26:7:Encoder_GetDistanceMM	8	static
../Core/Src/moteur.c:31:6:Encoder_Init	8	static
../Core/Src/moteur.c:39:5:Encoder_GetPosition	16	static
../Core/Src/moteur.c:54:6:Motor_Init	8	static
../Core/Src/moteur.c:61:6:Motor_SetSpeed	16	static
../Core/Src/moteur.c:67:6:Motor_Forward	16	static
../Core/Src/moteur.c:75:6:Motor_Reverse	16	static
../Core/Src/moteur.c:83:6:Motor_Stop	8	static
../Core/Src/moteur.c:89:6:Target_angle	32	static
