../Core/Src/driver_adxl345_interface.c:54:9:adxl345_interface_iic_init	4	static
../Core/Src/driver_adxl345_interface.c:66:9:adxl345_interface_iic_deinit	4	static
../Core/Src/driver_adxl345_interface.c:82:9:adxl345_interface_iic_read	16	static
../Core/Src/driver_adxl345_interface.c:104:9:adxl345_interface_iic_write	16	static
../Core/Src/driver_adxl345_interface.c:119:9:adxl345_interface_spi_init	4	static
../Core/Src/driver_adxl345_interface.c:134:9:adxl345_interface_spi_deinit	4	static
../Core/Src/driver_adxl345_interface.c:149:9:adxl345_interface_spi_read	16	static
../Core/Src/driver_adxl345_interface.c:167:9:adxl345_interface_spi_write	16	static
../Core/Src/driver_adxl345_interface.c:180:6:adxl345_interface_delay_ms	16	static
../Core/Src/driver_adxl345_interface.c:190:6:adxl345_interface_debug_print	8	static
../Core/Src/driver_adxl345_interface.c:200:6:adxl345_interface_receive_callback	16	static
