../Drivers/CMSIS/Include/core_cm4.h:1933:34:__NVIC_SystemReset	4	static,ignoring_inline_asm
../Core/Src/usb_vcp.c:44:13:history_add	16	static
../Core/Src/usb_vcp.c:54:20:history_get	24	static
../Core/Src/usb_vcp.c:64:8:usb_vcp_data_received	24	static
../Core/Src/usb_vcp.c:104:6:usb_vcp_init	8	static
../Core/Src/usb_vcp.c:110:6:usb_vcp_task	32	static
../Core/Src/usb_vcp.c:195:6:usb_vcp_line_ready	4	static
../Core/Src/usb_vcp.c:200:10:usb_vcp_get_line	16	static
../Core/Src/usb_vcp.c:211:6:usb_vcp_send_raw	16	static
../Core/Src/usb_vcp.c:217:5:usb_vcp_printf	272	static
../Core/Src/usb_vcp.c:228:6:usb_vcp_send	16	static
