../Core/Src/capteurs/sensor.c:50:6:INIT_ADC	16	static
../Core/Src/capteurs/sensor.c:61:6:UPDATE_V_I	32	static
../Core/Src/capteurs/sensor.c:77:19:ADXL343_WriteReg	32	static
../Core/Src/capteurs/sensor.c:83:19:ADXL343_ReadReg	32	static
../Core/Src/capteurs/sensor.c:89:19:ADXL343_ReadMulti	32	static
../Core/Src/capteurs/sensor.c:95:19:ADXL343_EnableSingleTap	8	static
../Core/Src/capteurs/sensor.c:107:19:ADXL343_Init	16	static
../Core/Src/capteurs/sensor.c:133:19:ADXL343_ReadXYZ	32	static
../Core/Src/capteurs/sensor.c:185:6:I2C_ResetBus	40	static
../Core/Src/capteurs/sensor.c:219:6:check_single_tap	16	static
